[2025-11-15 21:55:24.464] WARN  d.o.c.u.c.DecompressionContext - BZIP2 Compression found - replace to improve read performance. 
[2025-11-15 21:55:24.875] INFO  d.o.c.f.definition.DefinitionDecoder - 14162 NPCDecoder definitions loaded in 280ms 
[2025-11-15 21:55:25.562] INFO  d.o.c.f.definition.DefinitionDecoder - 56080 ObjectDecoder definitions loaded in 681ms 
[2025-11-15 21:55:25.849] INFO  d.o.c.f.definition.DefinitionDecoder - 30644 ItemDecoder definitions loaded in 283ms 
[2025-11-15 21:55:25.911] INFO  d.o.c.f.definition.DefinitionDecoder - 17252 VarBitDecoder definitions loaded in 58ms 
[2025-11-15 21:55:25.934] INFO  d.o.c.f.definition.DefinitionDecoder - 4660 VarDecoder definitions loaded in 7ms 
[2025-11-15 21:55:26.052] INFO  d.o.c.f.definition.DefinitionDecoder - 12025 SequenceDecoder definitions loaded in 116ms 
[2025-11-15 21:55:26.104] INFO  d.o.c.f.definition.DefinitionDecoder - 5714 EnumDecoder definitions loaded in 50ms 
[2025-11-15 21:55:26.107] INFO  d.o.c.f.definition.DefinitionDecoder - 79 HealthBarDecoder definitions loaded in 2ms 
[2025-11-15 21:55:26.110] INFO  d.o.c.f.definition.DefinitionDecoder - 78 HitSplatDecoder definitions loaded in 2ms 
[2025-11-15 21:55:26.148] INFO  d.o.c.f.definition.DefinitionDecoder - 5822 StructDecoder definitions loaded in 37ms 
[2025-11-15 21:55:26.155] INFO  d.o.c.f.definition.DefinitionDecoder - 86 DBTableDecoder definitions loaded in 5ms 
[2025-11-15 21:55:26.184] INFO  d.o.c.f.definition.DefinitionDecoder - 4235 DBRowDecoder definitions loaded in 27ms 
[2025-11-15 22:42:58.482] WARN  d.o.c.u.c.DecompressionContext - BZIP2 Compression found - replace to improve read performance. 
[2025-11-15 22:42:59.012] INFO  d.o.c.f.definition.DefinitionDecoder - 14162 NPCDecoder definitions loaded in 439ms 
[2025-11-15 22:42:59.755] INFO  d.o.c.f.definition.DefinitionDecoder - 56080 ObjectDecoder definitions loaded in 736ms 
[2025-11-15 22:43:00.073] INFO  d.o.c.f.definition.DefinitionDecoder - 30644 ItemDecoder definitions loaded in 314ms 
[2025-11-15 22:43:00.147] INFO  d.o.c.f.definition.DefinitionDecoder - 17252 VarBitDecoder definitions loaded in 70ms 
[2025-11-15 22:43:00.156] INFO  d.o.c.f.definition.DefinitionDecoder - 4660 VarDecoder definitions loaded in 7ms 
[2025-11-15 22:43:00.271] INFO  d.o.c.f.definition.DefinitionDecoder - 12025 SequenceDecoder definitions loaded in 113ms 
[2025-11-15 22:43:00.335] INFO  d.o.c.f.definition.DefinitionDecoder - 5714 EnumDecoder definitions loaded in 62ms 
[2025-11-15 22:43:00.340] INFO  d.o.c.f.definition.DefinitionDecoder - 79 HealthBarDecoder definitions loaded in 3ms 
[2025-11-15 22:43:00.345] INFO  d.o.c.f.definition.DefinitionDecoder - 78 HitSplatDecoder definitions loaded in 4ms 
[2025-11-15 22:43:00.402] INFO  d.o.c.f.definition.DefinitionDecoder - 5822 StructDecoder definitions loaded in 56ms 
[2025-11-15 22:43:00.411] INFO  d.o.c.f.definition.DefinitionDecoder - 86 DBTableDecoder definitions loaded in 6ms 
[2025-11-15 22:43:00.450] INFO  d.o.c.f.definition.DefinitionDecoder - 4235 DBRowDecoder definitions loaded in 36ms 
[2025-11-15 22:50:07.441] WARN  d.o.c.u.c.DecompressionContext - BZIP2 Compression found - replace to improve read performance. 
[2025-11-15 22:50:07.826] INFO  d.o.c.f.definition.DefinitionDecoder - 14162 NPCDecoder definitions loaded in 301ms 
[2025-11-15 22:50:08.545] INFO  d.o.c.f.definition.DefinitionDecoder - 56080 ObjectDecoder definitions loaded in 713ms 
[2025-11-15 22:50:08.835] INFO  d.o.c.f.definition.DefinitionDecoder - 30644 ItemDecoder definitions loaded in 286ms 
[2025-11-15 22:50:08.893] INFO  d.o.c.f.definition.DefinitionDecoder - 17252 VarBitDecoder definitions loaded in 56ms 
[2025-11-15 22:50:08.915] INFO  d.o.c.f.definition.DefinitionDecoder - 4660 VarDecoder definitions loaded in 20ms 
[2025-11-15 22:50:09.029] INFO  d.o.c.f.definition.DefinitionDecoder - 12025 SequenceDecoder definitions loaded in 112ms 
[2025-11-15 22:50:09.078] INFO  d.o.c.f.definition.DefinitionDecoder - 5714 EnumDecoder definitions loaded in 47ms 
[2025-11-15 22:50:09.082] INFO  d.o.c.f.definition.DefinitionDecoder - 79 HealthBarDecoder definitions loaded in 2ms 
[2025-11-15 22:50:09.085] INFO  d.o.c.f.definition.DefinitionDecoder - 78 HitSplatDecoder definitions loaded in 2ms 
[2025-11-15 22:50:09.127] INFO  d.o.c.f.definition.DefinitionDecoder - 5822 StructDecoder definitions loaded in 42ms 
[2025-11-15 22:50:09.137] INFO  d.o.c.f.definition.DefinitionDecoder - 86 DBTableDecoder definitions loaded in 6ms 
[2025-11-15 22:50:09.167] INFO  d.o.c.f.definition.DefinitionDecoder - 4235 DBRowDecoder definitions loaded in 29ms 
[2025-11-15 22:57:53.355] WARN  d.o.c.u.c.DecompressionContext - BZIP2 Compression found - replace to improve read performance. 
[2025-11-15 22:57:53.721] INFO  d.o.c.f.definition.DefinitionDecoder - 14162 NPCDecoder definitions loaded in 275ms 
[2025-11-15 22:57:54.412] INFO  d.o.c.f.definition.DefinitionDecoder - 56080 ObjectDecoder definitions loaded in 686ms 
[2025-11-15 22:57:54.705] INFO  d.o.c.f.definition.DefinitionDecoder - 30644 ItemDecoder definitions loaded in 288ms 
[2025-11-15 22:57:54.777] INFO  d.o.c.f.definition.DefinitionDecoder - 17252 VarBitDecoder definitions loaded in 69ms 
[2025-11-15 22:57:54.787] INFO  d.o.c.f.definition.DefinitionDecoder - 4660 VarDecoder definitions loaded in 8ms 
[2025-11-15 22:57:54.904] INFO  d.o.c.f.definition.DefinitionDecoder - 12025 SequenceDecoder definitions loaded in 116ms 
[2025-11-15 22:57:54.953] INFO  d.o.c.f.definition.DefinitionDecoder - 5714 EnumDecoder definitions loaded in 47ms 
[2025-11-15 22:57:54.958] INFO  d.o.c.f.definition.DefinitionDecoder - 79 HealthBarDecoder definitions loaded in 2ms 
[2025-11-15 22:57:54.960] INFO  d.o.c.f.definition.DefinitionDecoder - 78 HitSplatDecoder definitions loaded in 2ms 
[2025-11-15 22:57:55.001] INFO  d.o.c.f.definition.DefinitionDecoder - 5822 StructDecoder definitions loaded in 40ms 
[2025-11-15 22:57:55.007] INFO  d.o.c.f.definition.DefinitionDecoder - 86 DBTableDecoder definitions loaded in 4ms 
[2025-11-15 22:57:55.032] INFO  d.o.c.f.definition.DefinitionDecoder - 4235 DBRowDecoder definitions loaded in 24ms 
[2025-11-15 23:12:22.487] WARN  d.o.c.u.c.DecompressionContext - BZIP2 Compression found - replace to improve read performance. 
[2025-11-15 23:12:22.904] INFO  d.o.c.f.definition.DefinitionDecoder - 14162 NPCDecoder definitions loaded in 316ms 
[2025-11-15 23:12:23.670] INFO  d.o.c.f.definition.DefinitionDecoder - 56080 ObjectDecoder definitions loaded in 758ms 
[2025-11-15 23:12:24.032] INFO  d.o.c.f.definition.DefinitionDecoder - 30644 ItemDecoder definitions loaded in 356ms 
[2025-11-15 23:12:24.094] INFO  d.o.c.f.definition.DefinitionDecoder - 17252 VarBitDecoder definitions loaded in 59ms 
[2025-11-15 23:12:24.105] INFO  d.o.c.f.definition.DefinitionDecoder - 4660 VarDecoder definitions loaded in 7ms 
[2025-11-15 23:12:24.227] INFO  d.o.c.f.definition.DefinitionDecoder - 12025 SequenceDecoder definitions loaded in 120ms 
[2025-11-15 23:12:24.283] INFO  d.o.c.f.definition.DefinitionDecoder - 5714 EnumDecoder definitions loaded in 54ms 
[2025-11-15 23:12:24.286] INFO  d.o.c.f.definition.DefinitionDecoder - 79 HealthBarDecoder definitions loaded in 2ms 
[2025-11-15 23:12:24.290] INFO  d.o.c.f.definition.DefinitionDecoder - 78 HitSplatDecoder definitions loaded in 2ms 
[2025-11-15 23:12:24.344] INFO  d.o.c.f.definition.DefinitionDecoder - 5822 StructDecoder definitions loaded in 53ms 
[2025-11-15 23:12:24.352] INFO  d.o.c.f.definition.DefinitionDecoder - 86 DBTableDecoder definitions loaded in 6ms 
[2025-11-15 23:12:24.386] INFO  d.o.c.f.definition.DefinitionDecoder - 4235 DBRowDecoder definitions loaded in 31ms 
[2025-11-15 23:17:26.181] WARN  d.o.c.u.c.DecompressionContext - BZIP2 Compression found - replace to improve read performance. 
[2025-11-15 23:17:26.639] INFO  d.o.c.f.definition.DefinitionDecoder - 14162 NPCDecoder definitions loaded in 351ms 
[2025-11-15 23:17:27.654] INFO  d.o.c.f.definition.DefinitionDecoder - 56080 ObjectDecoder definitions loaded in 1008ms 
[2025-11-15 23:17:28.113] INFO  d.o.c.f.definition.DefinitionDecoder - 30644 ItemDecoder definitions loaded in 455ms 
[2025-11-15 23:17:28.181] INFO  d.o.c.f.definition.DefinitionDecoder - 17252 VarBitDecoder definitions loaded in 65ms 
[2025-11-15 23:17:28.190] INFO  d.o.c.f.definition.DefinitionDecoder - 4660 VarDecoder definitions loaded in 6ms 
[2025-11-15 23:17:28.317] INFO  d.o.c.f.definition.DefinitionDecoder - 12025 SequenceDecoder definitions loaded in 125ms 
[2025-11-15 23:17:28.378] INFO  d.o.c.f.definition.DefinitionDecoder - 5714 EnumDecoder definitions loaded in 59ms 
[2025-11-15 23:17:28.382] INFO  d.o.c.f.definition.DefinitionDecoder - 79 HealthBarDecoder definitions loaded in 2ms 
[2025-11-15 23:17:28.387] INFO  d.o.c.f.definition.DefinitionDecoder - 78 HitSplatDecoder definitions loaded in 3ms 
[2025-11-15 23:17:28.427] INFO  d.o.c.f.definition.DefinitionDecoder - 5822 StructDecoder definitions loaded in 39ms 
[2025-11-15 23:17:28.436] INFO  d.o.c.f.definition.DefinitionDecoder - 86 DBTableDecoder definitions loaded in 6ms 
[2025-11-15 23:17:28.464] INFO  d.o.c.f.definition.DefinitionDecoder - 4235 DBRowDecoder definitions loaded in 27ms 
[2025-11-15 23:22:17.483] WARN  d.o.c.u.c.DecompressionContext - BZIP2 Compression found - replace to improve read performance. 
[2025-11-15 23:22:17.993] INFO  d.o.c.f.definition.DefinitionDecoder - 14162 NPCDecoder definitions loaded in 411ms 
[2025-11-15 23:22:18.694] INFO  d.o.c.f.definition.DefinitionDecoder - 56080 ObjectDecoder definitions loaded in 695ms 
[2025-11-15 23:22:18.999] INFO  d.o.c.f.definition.DefinitionDecoder - 30644 ItemDecoder definitions loaded in 299ms 
[2025-11-15 23:22:19.074] INFO  d.o.c.f.definition.DefinitionDecoder - 17252 VarBitDecoder definitions loaded in 73ms 
[2025-11-15 23:22:19.082] INFO  d.o.c.f.definition.DefinitionDecoder - 4660 VarDecoder definitions loaded in 6ms 
[2025-11-15 23:22:19.197] INFO  d.o.c.f.definition.DefinitionDecoder - 12025 SequenceDecoder definitions loaded in 113ms 
[2025-11-15 23:22:19.247] INFO  d.o.c.f.definition.DefinitionDecoder - 5714 EnumDecoder definitions loaded in 49ms 
[2025-11-15 23:22:19.252] INFO  d.o.c.f.definition.DefinitionDecoder - 79 HealthBarDecoder definitions loaded in 3ms 
[2025-11-15 23:22:19.255] INFO  d.o.c.f.definition.DefinitionDecoder - 78 HitSplatDecoder definitions loaded in 2ms 
[2025-11-15 23:22:19.302] INFO  d.o.c.f.definition.DefinitionDecoder - 5822 StructDecoder definitions loaded in 46ms 
[2025-11-15 23:22:19.308] INFO  d.o.c.f.definition.DefinitionDecoder - 86 DBTableDecoder definitions loaded in 5ms 
[2025-11-15 23:22:19.337] INFO  d.o.c.f.definition.DefinitionDecoder - 4235 DBRowDecoder definitions loaded in 27ms 
[2025-11-15 23:31:26.429] WARN  d.o.c.u.c.DecompressionContext - BZIP2 Compression found - replace to improve read performance. 
[2025-11-15 23:31:26.830] INFO  d.o.c.f.definition.DefinitionDecoder - 14162 NPCDecoder definitions loaded in 298ms 
[2025-11-15 23:31:27.532] INFO  d.o.c.f.definition.DefinitionDecoder - 56080 ObjectDecoder definitions loaded in 696ms 
[2025-11-15 23:31:27.835] INFO  d.o.c.f.definition.DefinitionDecoder - 30644 ItemDecoder definitions loaded in 297ms 
[2025-11-15 23:31:27.909] INFO  d.o.c.f.definition.DefinitionDecoder - 17252 VarBitDecoder definitions loaded in 70ms 
[2025-11-15 23:31:27.918] INFO  d.o.c.f.definition.DefinitionDecoder - 4660 VarDecoder definitions loaded in 7ms 
[2025-11-15 23:31:28.035] INFO  d.o.c.f.definition.DefinitionDecoder - 12025 SequenceDecoder definitions loaded in 115ms 
[2025-11-15 23:31:28.084] INFO  d.o.c.f.definition.DefinitionDecoder - 5714 EnumDecoder definitions loaded in 47ms 
[2025-11-15 23:31:28.087] INFO  d.o.c.f.definition.DefinitionDecoder - 79 HealthBarDecoder definitions loaded in 2ms 
[2025-11-15 23:31:28.091] INFO  d.o.c.f.definition.DefinitionDecoder - 78 HitSplatDecoder definitions loaded in 3ms 
[2025-11-15 23:31:28.130] INFO  d.o.c.f.definition.DefinitionDecoder - 5822 StructDecoder definitions loaded in 38ms 
[2025-11-15 23:31:28.139] INFO  d.o.c.f.definition.DefinitionDecoder - 86 DBTableDecoder definitions loaded in 7ms 
[2025-11-15 23:31:28.167] INFO  d.o.c.f.definition.DefinitionDecoder - 4235 DBRowDecoder definitions loaded in 26ms 
[2025-11-15 23:39:31.783] WARN  d.o.c.u.c.DecompressionContext - BZIP2 Compression found - replace to improve read performance. 
[2025-11-15 23:39:32.172] INFO  d.o.c.f.definition.DefinitionDecoder - 14162 NPCDecoder definitions loaded in 298ms 
[2025-11-15 23:39:32.889] INFO  d.o.c.f.definition.DefinitionDecoder - 56080 ObjectDecoder definitions loaded in 711ms 
[2025-11-15 23:39:33.175] INFO  d.o.c.f.definition.DefinitionDecoder - 30644 ItemDecoder definitions loaded in 281ms 
[2025-11-15 23:39:33.235] INFO  d.o.c.f.definition.DefinitionDecoder - 17252 VarBitDecoder definitions loaded in 57ms 
[2025-11-15 23:39:33.257] INFO  d.o.c.f.definition.DefinitionDecoder - 4660 VarDecoder definitions loaded in 6ms 
[2025-11-15 23:39:33.383] INFO  d.o.c.f.definition.DefinitionDecoder - 12025 SequenceDecoder definitions loaded in 124ms 
[2025-11-15 23:39:33.433] INFO  d.o.c.f.definition.DefinitionDecoder - 5714 EnumDecoder definitions loaded in 49ms 
[2025-11-15 23:39:33.436] INFO  d.o.c.f.definition.DefinitionDecoder - 79 HealthBarDecoder definitions loaded in 2ms 
[2025-11-15 23:39:33.440] INFO  d.o.c.f.definition.DefinitionDecoder - 78 HitSplatDecoder definitions loaded in 2ms 
[2025-11-15 23:39:33.484] INFO  d.o.c.f.definition.DefinitionDecoder - 5822 StructDecoder definitions loaded in 43ms 
[2025-11-15 23:39:33.492] INFO  d.o.c.f.definition.DefinitionDecoder - 86 DBTableDecoder definitions loaded in 6ms 
[2025-11-15 23:39:33.520] INFO  d.o.c.f.definition.DefinitionDecoder - 4235 DBRowDecoder definitions loaded in 27ms 
[2025-11-15 23:47:12.979] WARN  d.o.c.u.c.DecompressionContext - BZIP2 Compression found - replace to improve read performance. 
[2025-11-15 23:47:13.447] INFO  d.o.c.f.definition.DefinitionDecoder - 14162 NPCDecoder definitions loaded in 346ms 
[2025-11-15 23:47:14.205] INFO  d.o.c.f.definition.DefinitionDecoder - 56080 ObjectDecoder definitions loaded in 750ms 
[2025-11-15 23:47:14.507] INFO  d.o.c.f.definition.DefinitionDecoder - 30644 ItemDecoder definitions loaded in 298ms 
[2025-11-15 23:47:14.583] INFO  d.o.c.f.definition.DefinitionDecoder - 17252 VarBitDecoder definitions loaded in 72ms 
[2025-11-15 23:47:14.592] INFO  d.o.c.f.definition.DefinitionDecoder - 4660 VarDecoder definitions loaded in 7ms 
[2025-11-15 23:47:14.714] INFO  d.o.c.f.definition.DefinitionDecoder - 12025 SequenceDecoder definitions loaded in 120ms 
[2025-11-15 23:47:14.768] INFO  d.o.c.f.definition.DefinitionDecoder - 5714 EnumDecoder definitions loaded in 52ms 
[2025-11-15 23:47:14.773] INFO  d.o.c.f.definition.DefinitionDecoder - 79 HealthBarDecoder definitions loaded in 3ms 
[2025-11-15 23:47:14.776] INFO  d.o.c.f.definition.DefinitionDecoder - 78 HitSplatDecoder definitions loaded in 2ms 
[2025-11-15 23:47:14.827] INFO  d.o.c.f.definition.DefinitionDecoder - 5822 StructDecoder definitions loaded in 50ms 
[2025-11-15 23:47:14.836] INFO  d.o.c.f.definition.DefinitionDecoder - 86 DBTableDecoder definitions loaded in 7ms 
[2025-11-15 23:47:14.865] INFO  d.o.c.f.definition.DefinitionDecoder - 4235 DBRowDecoder definitions loaded in 28ms 
[2025-11-15 23:55:32.024] WARN  d.o.c.u.c.DecompressionContext - BZIP2 Compression found - replace to improve read performance. 
[2025-11-15 23:55:32.411] INFO  d.o.c.f.definition.DefinitionDecoder - 14162 NPCDecoder definitions loaded in 289ms 
[2025-11-15 23:55:33.233] INFO  d.o.c.f.definition.DefinitionDecoder - 56080 ObjectDecoder definitions loaded in 817ms 
[2025-11-15 23:55:33.572] INFO  d.o.c.f.definition.DefinitionDecoder - 30644 ItemDecoder definitions loaded in 334ms 
[2025-11-15 23:55:33.660] INFO  d.o.c.f.definition.DefinitionDecoder - 17252 VarBitDecoder definitions loaded in 85ms 
[2025-11-15 23:55:33.669] INFO  d.o.c.f.definition.DefinitionDecoder - 4660 VarDecoder definitions loaded in 7ms 
[2025-11-15 23:55:33.808] INFO  d.o.c.f.definition.DefinitionDecoder - 12025 SequenceDecoder definitions loaded in 137ms 
[2025-11-15 23:55:33.866] INFO  d.o.c.f.definition.DefinitionDecoder - 5714 EnumDecoder definitions loaded in 55ms 
[2025-11-15 23:55:33.870] INFO  d.o.c.f.definition.DefinitionDecoder - 79 HealthBarDecoder definitions loaded in 2ms 
[2025-11-15 23:55:33.873] INFO  d.o.c.f.definition.DefinitionDecoder - 78 HitSplatDecoder definitions loaded in 2ms 
[2025-11-15 23:55:33.915] INFO  d.o.c.f.definition.DefinitionDecoder - 5822 StructDecoder definitions loaded in 40ms 
[2025-11-15 23:55:33.923] INFO  d.o.c.f.definition.DefinitionDecoder - 86 DBTableDecoder definitions loaded in 6ms 
[2025-11-15 23:55:33.952] INFO  d.o.c.f.definition.DefinitionDecoder - 4235 DBRowDecoder definitions loaded in 28ms 
