[2025-11-29 00:00:02.905] INFO  org.alter.game.service.GameService - Server running - RAM: 1235MB / 1512MB (Max: 8180MB) 
[2025-11-29 00:00:09.511] INFO  org.alter.game.service.GameService - Server running - RAM: 553MB / 1512MB (Max: 8180MB) 
[2025-11-29 00:00:16.104] INFO  org.alter.game.service.GameService - Server running - RAM: 675MB / 1512MB (Max: 8180MB) 
[2025-11-29 00:00:22.702] INFO  org.alter.game.service.GameService - Server running - RAM: 825MB / 1512MB (Max: 8180MB) 
[2025-11-29 00:00:29.307] INFO  org.alter.game.service.GameService - Server running - RAM: 967MB / 1512MB (Max: 8180MB) 
[2025-11-29 00:00:35.908] INFO  org.alter.game.service.GameService - Server running - RAM: 1095MB / 1512MB (Max: 8180MB) 
[2025-11-29 00:00:42.500] INFO  org.alter.game.service.GameService - Server running - RAM: 1239MB / 1512MB (Max: 8180MB) 
[2025-11-29 00:00:49.108] INFO  org.alter.game.service.GameService - Server running - RAM: 555MB / 1512MB (Max: 8180MB) 
[2025-11-29 00:00:55.701] INFO  org.alter.game.service.GameService - Server running - RAM: 677MB / 1512MB (Max: 8180MB) 
[2025-11-29 00:01:02.309] INFO  org.alter.game.service.GameService - Server running - RAM: 827MB / 1512MB (Max: 8180MB) 
[2025-11-29 00:01:08.901] INFO  org.alter.game.service.GameService - Server running - RAM: 969MB / 1512MB (Max: 8180MB) 
[2025-11-29 00:01:15.499] INFO  org.alter.game.service.GameService - Server running - RAM: 1097MB / 1512MB (Max: 8180MB) 
[2025-11-29 00:01:22.092] INFO  org.alter.game.service.GameService - Server running - RAM: 1241MB / 1512MB (Max: 8180MB) 
[2025-11-29 00:01:28.732] INFO  org.alter.game.service.GameService - Server running - RAM: 557MB / 1512MB (Max: 8180MB) 
[2025-11-29 00:01:35.304] INFO  org.alter.game.service.GameService - Server running - RAM: 679MB / 1512MB (Max: 8180MB) 
[2025-11-29 00:01:41.898] INFO  org.alter.game.service.GameService - Server running - RAM: 829MB / 1512MB (Max: 8180MB) 
[2025-11-29 00:01:48.504] INFO  org.alter.game.service.GameService - Server running - RAM: 971MB / 1512MB (Max: 8180MB) 
[2025-11-29 00:01:55.099] INFO  org.alter.game.service.GameService - Server running - RAM: 1099MB / 1512MB (Max: 8180MB) 
[2025-11-29 00:02:01.704] INFO  org.alter.game.service.GameService - Server running - RAM: 1243MB / 1512MB (Max: 8180MB) 
[2025-11-29 00:02:08.319] INFO  org.alter.game.service.GameService - Server running - RAM: 559MB / 1512MB (Max: 8180MB) 
[2025-11-29 00:02:14.900] INFO  org.alter.game.service.GameService - Server running - RAM: 681MB / 1512MB (Max: 8180MB) 
[2025-11-29 00:02:21.506] INFO  org.alter.game.service.GameService - Server running - RAM: 831MB / 1512MB (Max: 8180MB) 
[2025-11-29 00:02:28.109] INFO  org.alter.game.service.GameService - Server running - RAM: 973MB / 1512MB (Max: 8180MB) 
[2025-11-29 00:02:34.707] INFO  org.alter.game.service.GameService - Server running - RAM: 1101MB / 1512MB (Max: 8180MB) 
[2025-11-29 00:02:41.299] INFO  org.alter.game.service.GameService - Server running - RAM: 1245MB / 1512MB (Max: 8180MB) 
[2025-11-29 00:02:47.906] INFO  org.alter.game.service.GameService - Server running - RAM: 561MB / 1512MB (Max: 8180MB) 
[2025-11-29 00:02:54.492] INFO  org.alter.game.service.GameService - Server running - RAM: 683MB / 1512MB (Max: 8180MB) 
[2025-11-29 00:03:01.102] INFO  org.alter.game.service.GameService - Server running - RAM: 833MB / 1512MB (Max: 8180MB) 
[2025-11-29 00:03:07.713] INFO  org.alter.game.service.GameService - Server running - RAM: 975MB / 1512MB (Max: 8180MB) 
[2025-11-29 00:03:14.302] INFO  org.alter.game.service.GameService - Server running - RAM: 1103MB / 1512MB (Max: 8180MB) 
[2025-11-29 00:03:20.900] INFO  org.alter.game.service.GameService - Server running - RAM: 1247MB / 1512MB (Max: 8180MB) 
[2025-11-29 00:03:27.518] INFO  org.alter.game.service.GameService - Server running - RAM: 563MB / 1512MB (Max: 8180MB) 
[2025-11-29 00:03:34.095] INFO  org.alter.game.service.GameService - Server running - RAM: 685MB / 1512MB (Max: 8180MB) 
[2025-11-29 00:03:40.709] INFO  org.alter.game.service.GameService - Server running - RAM: 835MB / 1512MB (Max: 8180MB) 
[2025-11-29 00:03:47.305] INFO  org.alter.game.service.GameService - Server running - RAM: 977MB / 1512MB (Max: 8180MB) 
[2025-11-29 00:03:53.902] INFO  org.alter.game.service.GameService - Server running - RAM: 1105MB / 1512MB (Max: 8180MB) 
[2025-11-29 00:04:00.494] INFO  org.alter.game.service.GameService - Server running - RAM: 1249MB / 1512MB (Max: 8180MB) 
[2025-11-29 00:04:07.113] INFO  org.alter.game.service.GameService - Server running - RAM: 565MB / 1512MB (Max: 8180MB) 
[2025-11-29 00:04:13.695] INFO  org.alter.game.service.GameService - Server running - RAM: 687MB / 1512MB (Max: 8180MB) 
[2025-11-29 00:04:20.307] INFO  org.alter.game.service.GameService - Server running - RAM: 837MB / 1512MB (Max: 8180MB) 
[2025-11-29 00:04:26.908] INFO  org.alter.game.service.GameService - Server running - RAM: 979MB / 1512MB (Max: 8180MB) 
[2025-11-29 00:04:33.506] INFO  org.alter.game.service.GameService - Server running - RAM: 1107MB / 1512MB (Max: 8180MB) 
[2025-11-29 00:04:40.097] INFO  org.alter.game.service.GameService - Server running - RAM: 1251MB / 1512MB (Max: 8180MB) 
[2025-11-29 00:04:46.711] INFO  org.alter.game.service.GameService - Server running - RAM: 567MB / 1512MB (Max: 8180MB) 
[2025-11-29 00:04:53.301] INFO  org.alter.game.service.GameService - Server running - RAM: 689MB / 1512MB (Max: 8180MB) 
[2025-11-29 00:04:59.895] INFO  org.alter.game.service.GameService - Server running - RAM: 839MB / 1512MB (Max: 8180MB) 
[2025-11-29 00:05:06.514] INFO  org.alter.game.service.GameService - Server running - RAM: 981MB / 1512MB (Max: 8180MB) 
[2025-11-29 00:05:13.098] INFO  org.alter.game.service.GameService - Server running - RAM: 1109MB / 1512MB (Max: 8180MB) 
[2025-11-29 00:05:19.698] INFO  org.alter.game.service.GameService - Server running - RAM: 1253MB / 1512MB (Max: 8180MB) 
[2025-11-29 00:05:26.307] INFO  org.alter.game.service.GameService - Server running - RAM: 569MB / 1512MB (Max: 8180MB) 
[2025-11-29 00:05:32.899] INFO  org.alter.game.service.GameService - Server running - RAM: 691MB / 1512MB (Max: 8180MB) 
[2025-11-29 00:05:39.499] INFO  org.alter.game.service.GameService - Server running - RAM: 841MB / 1512MB (Max: 8180MB) 
[2025-11-29 00:05:41.334] INFO  spark.webserver.MatcherFilter - The requested route [/world_list.ws] has not been mapped in Spark 
[2025-11-29 00:05:46.125] INFO  org.alter.game.service.GameService - Server running - RAM: 983MB / 1512MB (Max: 8180MB) 
[2025-11-29 00:05:52.717] INFO  org.alter.game.service.GameService - Server running - RAM: 1111MB / 1512MB (Max: 8180MB) 
[2025-11-29 00:05:59.295] INFO  org.alter.game.service.GameService - Server running - RAM: 1255MB / 1512MB (Max: 8180MB) 
[2025-11-29 00:06:05.919] INFO  org.alter.game.service.GameService - Server running - RAM: 571MB / 1512MB (Max: 8180MB) 
[2025-11-29 00:06:12.503] INFO  org.alter.game.service.GameService - Server running - RAM: 693MB / 1512MB (Max: 8180MB) 
[2025-11-29 00:06:19.109] INFO  org.alter.game.service.GameService - Server running - RAM: 843MB / 1512MB (Max: 8180MB) 
[2025-11-29 00:06:25.707] INFO  org.alter.game.service.GameService - Server running - RAM: 985MB / 1512MB (Max: 8180MB) 
[2025-11-29 00:06:32.299] INFO  org.alter.game.service.GameService - Server running - RAM: 1113MB / 1512MB (Max: 8180MB) 
[2025-11-29 00:06:38.896] INFO  org.alter.game.service.GameService - Server running - RAM: 1257MB / 1512MB (Max: 8180MB) 
[2025-11-29 00:06:45.499] INFO  org.alter.game.service.GameService - Server running - RAM: 571MB / 1512MB (Max: 8180MB) 
[2025-11-29 13:09:07.139] INFO  org.eclipse.jetty.util.log - Logging initialized @36921ms 
[2025-11-29 13:09:07.166] INFO  spark.webserver.JettySparkServer - == Spark has ignited ... 
[2025-11-29 13:09:07.167] INFO  spark.webserver.JettySparkServer - >> Listening on 0.0.0.0:8080 
[2025-11-29 13:09:07.168] INFO  org.eclipse.jetty.server.Server - jetty-9.3.2.v20150730 
[2025-11-29 13:09:07.233] INFO  o.e.jetty.server.ServerConnector - Started ServerConnector@5f17720{HTTP/1.1,[http/1.1]}{0.0.0.0:8080} 
[2025-11-29 13:09:07.234] INFO  org.eclipse.jetty.server.Server - Started @37019ms 
[2025-11-29 13:09:18.985] INFO  org.alter.game.service.GameService - Server running - RAM: 511MB / 1316MB (Max: 8180MB) 
[2025-11-29 13:09:25.577] INFO  org.alter.game.service.GameService - Server running - RAM: 642MB / 1316MB (Max: 8180MB) 
[2025-11-29 13:09:32.184] INFO  org.alter.game.service.GameService - Server running - RAM: 592MB / 1316MB (Max: 8180MB) 
[2025-11-29 13:09:38.772] INFO  org.alter.game.service.GameService - Server running - RAM: 708MB / 1316MB (Max: 8180MB) 
[2025-11-29 13:09:45.391] INFO  org.alter.game.service.GameService - Server running - RAM: 842MB / 1316MB (Max: 8180MB) 
[2025-11-29 13:09:51.980] INFO  org.alter.game.service.GameService - Server running - RAM: 972MB / 1316MB (Max: 8180MB) 
[2025-11-29 13:09:58.577] INFO  org.alter.game.service.GameService - Server running - RAM: 548MB / 1316MB (Max: 8180MB) 
[2025-11-29 13:10:05.172] INFO  org.alter.game.service.GameService - Server running - RAM: 678MB / 1316MB (Max: 8180MB) 
[2025-11-29 13:10:11.784] INFO  org.alter.game.service.GameService - Server running - RAM: 816MB / 1316MB (Max: 8180MB) 
[2025-11-29 13:10:18.378] INFO  org.alter.game.service.GameService - Server running - RAM: 926MB / 1316MB (Max: 8180MB) 
[2025-11-29 13:10:24.975] INFO  org.alter.game.service.GameService - Server running - RAM: 1062MB / 1316MB (Max: 8180MB) 
[2025-11-29 13:10:31.588] INFO  org.alter.game.service.GameService - Server running - RAM: 625MB / 1316MB (Max: 8180MB) 
[2025-11-29 13:10:38.177] INFO  org.alter.game.service.GameService - Server running - RAM: 739MB / 1316MB (Max: 8180MB) 
[2025-11-29 13:10:44.776] INFO  org.alter.game.service.GameService - Server running - RAM: 871MB / 1316MB (Max: 8180MB) 
[2025-11-29 13:10:51.393] INFO  org.alter.game.service.GameService - Server running - RAM: 1003MB / 1316MB (Max: 8180MB) 
[2025-11-29 13:10:57.978] INFO  org.alter.game.service.GameService - Server running - RAM: 525MB / 1316MB (Max: 8180MB) 
[2025-11-29 13:11:04.585] INFO  org.alter.game.service.GameService - Server running - RAM: 661MB / 1316MB (Max: 8180MB) 
[2025-11-29 13:11:11.190] INFO  org.alter.game.service.GameService - Server running - RAM: 793MB / 1316MB (Max: 8180MB) 
[2025-11-29 13:11:17.774] INFO  org.alter.game.service.GameService - Server running - RAM: 909MB / 1316MB (Max: 8180MB) 
[2025-11-29 13:11:24.381] INFO  org.alter.game.service.GameService - Server running - RAM: 1039MB / 1316MB (Max: 8180MB) 
[2025-11-29 13:11:30.986] INFO  org.alter.game.service.GameService - Server running - RAM: 569MB / 1316MB (Max: 8180MB) 
[2025-11-29 13:11:37.580] INFO  org.alter.game.service.GameService - Server running - RAM: 679MB / 1316MB (Max: 8180MB) 
[2025-11-29 13:11:44.184] INFO  org.alter.game.service.GameService - Server running - RAM: 815MB / 1316MB (Max: 8180MB) 
[2025-11-29 13:11:50.779] INFO  org.alter.game.service.GameService - Server running - RAM: 943MB / 1316MB (Max: 8180MB) 
[2025-11-29 13:11:57.382] INFO  org.alter.game.service.GameService - Server running - RAM: 1059MB / 1316MB (Max: 8180MB) 
[2025-11-29 13:12:03.969] INFO  org.alter.game.service.GameService - Server running - RAM: 569MB / 1316MB (Max: 8180MB) 
[2025-11-29 13:12:10.592] INFO  org.alter.game.service.GameService - Server running - RAM: 705MB / 1316MB (Max: 8180MB) 
[2025-11-29 13:12:17.167] INFO  org.alter.game.service.GameService - Server running - RAM: 815MB / 1316MB (Max: 8180MB) 
[2025-11-29 13:12:23.772] INFO  org.alter.game.service.GameService - Server running - RAM: 951MB / 1316MB (Max: 8180MB) 
[2025-11-29 13:12:30.390] INFO  org.alter.game.service.GameService - Server running - RAM: 1081MB / 1316MB (Max: 8180MB) 
[2025-11-29 13:12:36.972] INFO  org.alter.game.service.GameService - Server running - RAM: 563MB / 1316MB (Max: 8180MB) 
[2025-11-29 13:12:43.582] INFO  org.alter.game.service.GameService - Server running - RAM: 695MB / 1316MB (Max: 8180MB) 
[2025-11-29 13:12:50.182] INFO  org.alter.game.service.GameService - Server running - RAM: 829MB / 1316MB (Max: 8180MB) 
[2025-11-29 13:12:56.775] INFO  org.alter.game.service.GameService - Server running - RAM: 939MB / 1316MB (Max: 8180MB) 
[2025-11-29 13:13:03.373] INFO  org.alter.game.service.GameService - Server running - RAM: 1073MB / 1316MB (Max: 8180MB) 
[2025-11-29 13:13:09.984] INFO  org.alter.game.service.GameService - Server running - RAM: 561MB / 1316MB (Max: 8180MB) 
[2025-11-29 13:13:16.585] INFO  org.alter.game.service.GameService - Server running - RAM: 675MB / 1316MB (Max: 8180MB) 
[2025-11-29 13:13:23.177] INFO  org.alter.game.service.GameService - Server running - RAM: 807MB / 1316MB (Max: 8180MB) 
[2025-11-29 13:13:29.787] INFO  org.alter.game.service.GameService - Server running - RAM: 941MB / 1316MB (Max: 8180MB) 
[2025-11-29 13:13:36.382] INFO  org.alter.game.service.GameService - Server running - RAM: 1051MB / 1316MB (Max: 8180MB) 
[2025-11-29 13:13:42.980] INFO  org.alter.game.service.GameService - Server running - RAM: 535MB / 1316MB (Max: 8180MB) 
[2025-11-29 13:13:49.585] INFO  org.alter.game.service.GameService - Server running - RAM: 663MB / 1316MB (Max: 8180MB) 
[2025-11-29 13:13:56.178] INFO  org.alter.game.service.GameService - Server running - RAM: 779MB / 1316MB (Max: 8180MB) 
[2025-11-29 13:14:02.772] INFO  org.alter.game.service.GameService - Server running - RAM: 909MB / 1316MB (Max: 8180MB) 
[2025-11-29 13:14:09.385] INFO  org.alter.game.service.GameService - Server running - RAM: 1045MB / 1316MB (Max: 8180MB) 
[2025-11-29 13:14:15.970] INFO  org.alter.game.service.GameService - Server running - RAM: 499MB / 1316MB (Max: 8180MB) 
[2025-11-29 13:14:16.573] INFO  spark.webserver.MatcherFilter - The requested route [/jav_config.ws] has not been mapped in Spark 
[2025-11-29 13:14:21.328] INFO  spark.webserver.MatcherFilter - The requested route [/jav_config.ws] has not been mapped in Spark 
[2025-11-29 13:14:21.339] INFO  spark.webserver.MatcherFilter - The requested route [/world_list.ws] has not been mapped in Spark 
[2025-11-29 13:14:22.586] INFO  org.alter.game.service.GameService - Server running - RAM: 643MB / 1316MB (Max: 8180MB) 
[2025-11-29 13:14:29.194] INFO  org.alter.game.service.GameService - Server running - RAM: 771MB / 1316MB (Max: 8180MB) 
[2025-11-29 13:14:35.792] INFO  org.alter.game.service.GameService - Server running - RAM: 887MB / 1316MB (Max: 8180MB) 
[2025-11-29 13:14:38.256] INFO  spark.webserver.MatcherFilter - The requested route [/world_list.ws] has not been mapped in Spark 
[2025-11-29 13:14:42.387] INFO  org.alter.game.service.GameService - Server running - RAM: 1023MB / 1316MB (Max: 8180MB) 
[2025-11-29 13:14:48.985] INFO  org.alter.game.service.GameService - Server running - RAM: 1157MB / 1316MB (Max: 8180MB) 
[2025-11-29 13:14:55.571] INFO  org.alter.game.service.GameService - Server running - RAM: 604MB / 1316MB (Max: 8180MB) 
[2025-11-29 13:15:02.178] INFO  org.alter.game.service.GameService - Server running - RAM: 740MB / 1316MB (Max: 8180MB) 
[2025-11-29 13:15:08.792] INFO  org.alter.game.service.GameService - Server running - RAM: 870MB / 1316MB (Max: 8180MB) 
[2025-11-29 13:15:15.373] INFO  org.alter.game.service.GameService - Server running - RAM: 986MB / 1316MB (Max: 8180MB) 
[2025-11-29 13:15:21.973] INFO  org.alter.game.service.GameService - Server running - RAM: 1118MB / 1316MB (Max: 8180MB) 
[2025-11-29 13:15:28.597] INFO  org.alter.game.service.GameService - Server running - RAM: 586MB / 1316MB (Max: 8180MB) 
[2025-11-29 13:15:35.181] INFO  org.alter.game.service.GameService - Server running - RAM: 698MB / 1316MB (Max: 8180MB) 
[2025-11-29 13:15:41.778] INFO  org.alter.game.service.GameService - Server running - RAM: 834MB / 1316MB (Max: 8180MB) 
[2025-11-29 13:15:45.654] INFO  spark.webserver.MatcherFilter - The requested route [/world_list.ws] has not been mapped in Spark 
[2025-11-29 13:15:45.697] INFO  spark.webserver.MatcherFilter - The requested route [/jav_config.ws] has not been mapped in Spark 
[2025-11-29 13:15:48.380] INFO  org.alter.game.service.GameService - Server running - RAM: 976MB / 1316MB (Max: 8180MB) 
[2025-11-29 13:15:54.989] INFO  org.alter.game.service.GameService - Server running - RAM: 1110MB / 1316MB (Max: 8180MB) 
[2025-11-29 13:16:01.580] INFO  org.alter.game.service.GameService - Server running - RAM: 588MB / 1316MB (Max: 8180MB) 
[2025-11-29 13:16:08.209] INFO  org.alter.game.service.GameService - Server running - RAM: 736MB / 1316MB (Max: 8180MB) 
[2025-11-29 13:16:14.771] INFO  org.alter.game.service.GameService - Server running - RAM: 860MB / 1316MB (Max: 8180MB) 
[2025-11-29 13:16:21.388] INFO  org.alter.game.service.GameService - Server running - RAM: 1008MB / 1316MB (Max: 8180MB) 
[2025-11-29 13:16:27.981] INFO  org.alter.game.service.GameService - Server running - RAM: 1148MB / 1316MB (Max: 8180MB) 
[2025-11-29 13:16:34.580] INFO  org.alter.game.service.GameService - Server running - RAM: 608MB / 1316MB (Max: 8180MB) 
[2025-11-29 13:16:41.174] INFO  org.alter.game.service.GameService - Server running - RAM: 750MB / 1316MB (Max: 8180MB) 
[2025-11-29 13:16:47.792] INFO  org.alter.game.service.GameService - Server running - RAM: 896MB / 1316MB (Max: 8180MB) 
[2025-11-29 13:16:54.376] INFO  org.alter.game.service.GameService - Server running - RAM: 1018MB / 1316MB (Max: 8180MB) 
[2025-11-29 13:17:00.988] INFO  org.alter.game.service.GameService - Server running - RAM: 1166MB / 1316MB (Max: 8180MB) 
[2025-11-29 13:17:07.590] INFO  org.alter.game.service.GameService - Server running - RAM: 636MB / 1316MB (Max: 8180MB) 
[2025-11-29 13:17:14.178] INFO  org.alter.game.service.GameService - Server running - RAM: 764MB / 1316MB (Max: 8180MB) 
[2025-11-29 13:17:20.784] INFO  org.alter.game.service.GameService - Server running - RAM: 906MB / 1316MB (Max: 8180MB) 
[2025-11-29 13:17:27.388] INFO  org.alter.game.service.GameService - Server running - RAM: 1052MB / 1316MB (Max: 8180MB) 
[2025-11-29 13:17:33.972] INFO  org.alter.game.service.GameService - Server running - RAM: 500MB / 1316MB (Max: 8180MB) 
[2025-11-29 13:17:40.580] INFO  org.alter.game.service.GameService - Server running - RAM: 648MB / 1316MB (Max: 8180MB) 
[2025-11-29 13:17:47.189] INFO  org.alter.game.service.GameService - Server running - RAM: 790MB / 1316MB (Max: 8180MB) 
[2025-11-29 13:17:53.777] INFO  org.alter.game.service.GameService - Server running - RAM: 916MB / 1316MB (Max: 8180MB) 
[2025-11-29 13:18:00.384] INFO  org.alter.game.service.GameService - Server running - RAM: 1060MB / 1316MB (Max: 8180MB) 
[2025-11-29 13:18:06.996] INFO  org.alter.game.service.GameService - Server running - RAM: 534MB / 1316MB (Max: 8180MB) 
[2025-11-29 13:18:13.573] INFO  org.alter.game.service.GameService - Server running - RAM: 656MB / 1316MB (Max: 8180MB) 
[2025-11-29 13:18:20.182] INFO  org.alter.game.service.GameService - Server running - RAM: 804MB / 1316MB (Max: 8180MB) 
[2025-11-29 13:18:26.790] INFO  org.alter.game.service.GameService - Server running - RAM: 944MB / 1316MB (Max: 8180MB) 
[2025-11-29 13:18:33.379] INFO  org.alter.game.service.GameService - Server running - RAM: 1070MB / 1316MB (Max: 8180MB) 
[2025-11-29 13:18:39.982] INFO  org.alter.game.service.GameService - Server running - RAM: 542MB / 1316MB (Max: 8180MB) 
[2025-11-29 13:18:46.590] INFO  org.alter.game.service.GameService - Server running - RAM: 688MB / 1316MB (Max: 8180MB) 
[2025-11-29 13:18:53.183] INFO  org.alter.game.service.GameService - Server running - RAM: 810MB / 1316MB (Max: 8180MB) 
[2025-11-29 13:18:59.776] INFO  org.alter.game.service.GameService - Server running - RAM: 958MB / 1316MB (Max: 8180MB) 
[2025-11-29 13:19:06.392] INFO  org.alter.game.service.GameService - Server running - RAM: 1098MB / 1316MB (Max: 8180MB) 
[2025-11-29 13:19:12.986] INFO  org.alter.game.service.GameService - Server running - RAM: 554MB / 1316MB (Max: 8180MB) 
[2025-11-29 13:19:19.571] INFO  org.alter.game.service.GameService - Server running - RAM: 696MB / 1316MB (Max: 8180MB) 
[2025-11-29 13:19:26.188] INFO  org.alter.game.service.GameService - Server running - RAM: 842MB / 1316MB (Max: 8180MB) 
[2025-11-29 13:19:32.778] INFO  org.alter.game.service.GameService - Server running - RAM: 964MB / 1316MB (Max: 8180MB) 
[2025-11-29 13:19:39.385] INFO  org.alter.game.service.GameService - Server running - RAM: 1112MB / 1316MB (Max: 8180MB) 
[2025-11-29 13:19:45.991] INFO  org.alter.game.service.GameService - Server running - RAM: 578MB / 1316MB (Max: 8180MB) 
[2025-11-29 13:19:52.577] INFO  org.alter.game.service.GameService - Server running - RAM: 704MB / 1316MB (Max: 8180MB) 
[2025-11-29 13:19:59.180] INFO  org.alter.game.service.GameService - Server running - RAM: 848MB / 1316MB (Max: 8180MB) 
[2025-11-29 13:20:05.787] INFO  org.alter.game.service.GameService - Server running - RAM: 994MB / 1316MB (Max: 8180MB) 
[2025-11-29 13:20:12.382] INFO  org.alter.game.service.GameService - Server running - RAM: 1116MB / 1316MB (Max: 8180MB) 
[2025-11-29 13:20:18.991] INFO  org.alter.game.service.GameService - Server running - RAM: 588MB / 1316MB (Max: 8180MB) 
[2025-11-29 13:20:25.588] INFO  org.alter.game.service.GameService - Server running - RAM: 728MB / 1316MB (Max: 8180MB) 
[2025-11-29 13:20:32.182] INFO  org.alter.game.service.GameService - Server running - RAM: 856MB / 1316MB (Max: 8180MB) 
[2025-11-29 13:20:38.778] INFO  org.alter.game.service.GameService - Server running - RAM: 998MB / 1316MB (Max: 8180MB) 
[2025-11-29 13:20:45.391] INFO  org.alter.game.service.GameService - Server running - RAM: 1144MB / 1316MB (Max: 8180MB) 
[2025-11-29 13:20:51.972] INFO  org.alter.game.service.GameService - Server running - RAM: 590MB / 1316MB (Max: 8180MB) 
[2025-11-29 13:20:58.587] INFO  org.alter.game.service.GameService - Server running - RAM: 738MB / 1316MB (Max: 8180MB) 
[2025-11-29 13:21:05.187] INFO  org.alter.game.service.GameService - Server running - RAM: 878MB / 1316MB (Max: 8180MB) 
[2025-11-29 13:21:11.777] INFO  org.alter.game.service.GameService - Server running - RAM: 1006MB / 1316MB (Max: 8180MB) 
[2025-11-29 13:21:18.379] INFO  org.alter.game.service.GameService - Server running - RAM: 1148MB / 1316MB (Max: 8180MB) 
[2025-11-29 13:21:24.997] INFO  org.alter.game.service.GameService - Server running - RAM: 619MB / 1316MB (Max: 8180MB) 
[2025-11-29 13:21:31.577] INFO  org.alter.game.service.GameService - Server running - RAM: 741MB / 1316MB (Max: 8180MB) 
[2025-11-29 13:21:38.180] INFO  org.alter.game.service.GameService - Server running - RAM: 889MB / 1316MB (Max: 8180MB) 
[2025-11-29 13:21:44.785] INFO  org.alter.game.service.GameService - Server running - RAM: 1031MB / 1316MB (Max: 8180MB) 
[2025-11-29 13:21:51.381] INFO  org.alter.game.service.GameService - Server running - RAM: 1157MB / 1316MB (Max: 8180MB) 
[2025-11-29 13:21:57.979] INFO  org.alter.game.service.GameService - Server running - RAM: 623MB / 1316MB (Max: 8180MB) 
[2025-11-29 13:22:04.585] INFO  org.alter.game.service.GameService - Server running - RAM: 771MB / 1316MB (Max: 8180MB) 
[2025-11-29 13:22:11.169] INFO  org.alter.game.service.GameService - Server running - RAM: 891MB / 1316MB (Max: 8180MB) 
[2025-11-29 13:22:17.776] INFO  org.alter.game.service.GameService - Server running - RAM: 1039MB / 1316MB (Max: 8180MB) 
[2025-11-29 13:22:24.396] INFO  org.alter.game.service.GameService - Server running - RAM: 505MB / 1316MB (Max: 8180MB) 
[2025-11-29 13:22:30.980] INFO  org.alter.game.service.GameService - Server running - RAM: 631MB / 1316MB (Max: 8180MB) 
[2025-11-29 13:22:37.581] INFO  org.alter.game.service.GameService - Server running - RAM: 773MB / 1316MB (Max: 8180MB) 
[2025-11-29 13:22:44.191] INFO  org.alter.game.service.GameService - Server running - RAM: 921MB / 1316MB (Max: 8180MB) 
[2025-11-29 13:22:50.776] INFO  org.alter.game.service.GameService - Server running - RAM: 1043MB / 1316MB (Max: 8180MB) 
[2025-11-29 13:22:57.381] INFO  org.alter.game.service.GameService - Server running - RAM: 513MB / 1316MB (Max: 8180MB) 
[2025-11-29 13:23:03.995] INFO  org.alter.game.service.GameService - Server running - RAM: 655MB / 1316MB (Max: 8180MB) 
[2025-11-29 13:23:10.582] INFO  org.alter.game.service.GameService - Server running - RAM: 781MB / 1316MB (Max: 8180MB) 
[2025-11-29 13:23:17.175] INFO  org.alter.game.service.GameService - Server running - RAM: 925MB / 1316MB (Max: 8180MB) 
[2025-11-29 13:23:23.798] INFO  org.alter.game.service.GameService - Server running - RAM: 1071MB / 1316MB (Max: 8180MB) 
[2025-11-29 13:23:30.381] INFO  org.alter.game.service.GameService - Server running - RAM: 515MB / 1316MB (Max: 8180MB) 
[2025-11-29 13:23:36.986] INFO  org.alter.game.service.GameService - Server running - RAM: 663MB / 1316MB (Max: 8180MB) 
[2025-11-29 13:23:43.593] INFO  org.alter.game.service.GameService - Server running - RAM: 805MB / 1316MB (Max: 8180MB) 
[2025-11-29 13:23:50.175] INFO  org.alter.game.service.GameService - Server running - RAM: 933MB / 1316MB (Max: 8180MB) 
[2025-11-29 13:23:56.783] INFO  org.alter.game.service.GameService - Server running - RAM: 1075MB / 1316MB (Max: 8180MB) 
[2025-11-29 13:24:03.392] INFO  org.alter.game.service.GameService - Server running - RAM: 545MB / 1316MB (Max: 8180MB) 
[2025-11-29 13:24:09.979] INFO  org.alter.game.service.GameService - Server running - RAM: 667MB / 1316MB (Max: 8180MB) 
[2025-11-29 13:24:16.576] INFO  org.alter.game.service.GameService - Server running - RAM: 815MB / 1316MB (Max: 8180MB) 
[2025-11-29 13:24:23.179] INFO  org.alter.game.service.GameService - Server running - RAM: 955MB / 1316MB (Max: 8180MB) 
[2025-11-29 13:24:29.786] INFO  org.alter.game.service.GameService - Server running - RAM: 1083MB / 1316MB (Max: 8180MB) 
[2025-11-29 13:24:36.377] INFO  org.alter.game.service.GameService - Server running - RAM: 549MB / 1316MB (Max: 8180MB) 
[2025-11-29 13:24:39.143] INFO  spark.webserver.MatcherFilter - The requested route [/world_list.ws] has not been mapped in Spark 
[2025-11-29 13:24:42.994] INFO  org.alter.game.service.GameService - Server running - RAM: 699MB / 1316MB (Max: 8180MB) 
[2025-11-29 13:24:49.573] INFO  org.alter.game.service.GameService - Server running - RAM: 821MB / 1316MB (Max: 8180MB) 
[2025-11-29 13:24:56.182] INFO  org.alter.game.service.GameService - Server running - RAM: 969MB / 1316MB (Max: 8180MB) 
[2025-11-29 13:25:02.787] INFO  org.alter.game.service.GameService - Server running - RAM: 1109MB / 1316MB (Max: 8180MB) 
[2025-11-29 13:25:09.383] INFO  org.alter.game.service.GameService - Server running - RAM: 561MB / 1316MB (Max: 8180MB) 
[2025-11-29 13:25:15.984] INFO  org.alter.game.service.GameService - Server running - RAM: 703MB / 1316MB (Max: 8180MB) 
[2025-11-29 13:25:22.596] INFO  org.alter.game.service.GameService - Server running - RAM: 849MB / 1316MB (Max: 8180MB) 
[2025-11-29 13:25:29.173] INFO  org.alter.game.service.GameService - Server running - RAM: 971MB / 1316MB (Max: 8180MB) 
[2025-11-29 13:25:35.776] INFO  org.alter.game.service.GameService - Server running - RAM: 1119MB / 1316MB (Max: 8180MB) 
[2025-11-29 13:25:42.391] INFO  org.alter.game.service.GameService - Server running - RAM: 589MB / 1316MB (Max: 8180MB) 
[2025-11-29 13:25:49.000] INFO  org.alter.game.service.GameService - Server running - RAM: 717MB / 1316MB (Max: 8180MB) 
[2025-11-29 13:25:55.579] INFO  org.alter.game.service.GameService - Server running - RAM: 859MB / 1316MB (Max: 8180MB) 
[2025-11-29 13:26:02.199] INFO  org.alter.game.service.GameService - Server running - RAM: 1005MB / 1316MB (Max: 8180MB) 
[2025-11-29 13:26:08.809] INFO  org.alter.game.service.GameService - Server running - RAM: 1127MB / 1316MB (Max: 8180MB) 
[2025-11-29 13:26:15.386] INFO  org.alter.game.service.GameService - Server running - RAM: 603MB / 1316MB (Max: 8180MB) 
[2025-11-29 13:26:21.996] INFO  org.alter.game.service.GameService - Server running - RAM: 743MB / 1316MB (Max: 8180MB) 
[2025-11-29 13:26:28.578] INFO  org.alter.game.service.GameService - Server running - RAM: 871MB / 1316MB (Max: 8180MB) 
[2025-11-29 13:26:35.178] INFO  org.alter.game.service.GameService - Server running - RAM: 1013MB / 1316MB (Max: 8180MB) 
[2025-11-29 13:26:41.794] INFO  org.alter.game.service.GameService - Server running - RAM: 1159MB / 1316MB (Max: 8180MB) 
[2025-11-29 13:26:48.374] INFO  org.alter.game.service.GameService - Server running - RAM: 611MB / 1316MB (Max: 8180MB) 
[2025-11-29 13:26:54.981] INFO  org.alter.game.service.GameService - Server running - RAM: 759MB / 1316MB (Max: 8180MB) 
[2025-11-29 13:27:01.600] INFO  org.alter.game.service.GameService - Server running - RAM: 899MB / 1316MB (Max: 8180MB) 
[2025-11-29 13:27:08.174] INFO  org.alter.game.service.GameService - Server running - RAM: 1027MB / 1316MB (Max: 8180MB) 
[2025-11-29 13:27:14.778] INFO  org.alter.game.service.GameService - Server running - RAM: 1169MB / 1316MB (Max: 8180MB) 
[2025-11-29 13:27:21.387] INFO  org.alter.game.service.GameService - Server running - RAM: 643MB / 1316MB (Max: 8180MB) 
[2025-11-29 13:27:27.968] INFO  org.alter.game.service.GameService - Server running - RAM: 765MB / 1316MB (Max: 8180MB) 
[2025-11-29 13:27:34.579] INFO  org.alter.game.service.GameService - Server running - RAM: 913MB / 1316MB (Max: 8180MB) 
[2025-11-29 13:27:41.184] INFO  org.alter.game.service.GameService - Server running - RAM: 1055MB / 1316MB (Max: 8180MB) 
[2025-11-29 13:27:47.785] INFO  org.alter.game.service.GameService - Server running - RAM: 511MB / 1316MB (Max: 8180MB) 
[2025-11-29 13:27:54.376] INFO  org.alter.game.service.GameService - Server running - RAM: 655MB / 1316MB (Max: 8180MB) 
[2025-11-29 13:28:00.988] INFO  org.alter.game.service.GameService - Server running - RAM: 801MB / 1316MB (Max: 8180MB) 
[2025-11-29 13:28:07.567] INFO  org.alter.game.service.GameService - Server running - RAM: 921MB / 1316MB (Max: 8180MB) 
[2025-11-29 13:28:14.180] INFO  org.alter.game.service.GameService - Server running - RAM: 1071MB / 1316MB (Max: 8180MB) 
[2025-11-29 13:28:20.786] INFO  org.alter.game.service.GameService - Server running - RAM: 539MB / 1316MB (Max: 8180MB) 
[2025-11-29 13:28:27.386] INFO  org.alter.game.service.GameService - Server running - RAM: 667MB / 1316MB (Max: 8180MB) 
[2025-11-29 13:28:33.982] INFO  org.alter.game.service.GameService - Server running - RAM: 809MB / 1316MB (Max: 8180MB) 
[2025-11-29 13:28:40.582] INFO  org.alter.game.service.GameService - Server running - RAM: 955MB / 1316MB (Max: 8180MB) 
[2025-11-29 13:28:47.168] INFO  org.alter.game.service.GameService - Server running - RAM: 1077MB / 1316MB (Max: 8180MB) 
[2025-11-29 13:28:53.787] INFO  org.alter.game.service.GameService - Server running - RAM: 553MB / 1316MB (Max: 8180MB) 
[2025-11-29 13:29:00.386] INFO  org.alter.game.service.GameService - Server running - RAM: 693MB / 1316MB (Max: 8180MB) 
[2025-11-29 13:29:06.983] INFO  org.alter.game.service.GameService - Server running - RAM: 821MB / 1316MB (Max: 8180MB) 
[2025-11-29 13:29:13.584] INFO  org.alter.game.service.GameService - Server running - RAM: 965MB / 1316MB (Max: 8180MB) 
[2025-11-29 13:29:20.183] INFO  org.alter.game.service.GameService - Server running - RAM: 1111MB / 1316MB (Max: 8180MB) 
[2025-11-29 13:29:26.779] INFO  org.alter.game.service.GameService - Server running - RAM: 559MB / 1316MB (Max: 8180MB) 
[2025-11-29 13:29:33.374] INFO  org.alter.game.service.GameService - Server running - RAM: 707MB / 1316MB (Max: 8180MB) 
[2025-11-29 13:29:39.989] INFO  org.alter.game.service.GameService - Server running - RAM: 849MB / 1316MB (Max: 8180MB) 
[2025-11-29 13:29:46.587] INFO  org.alter.game.service.GameService - Server running - RAM: 977MB / 1316MB (Max: 8180MB) 
[2025-11-29 13:29:53.175] INFO  org.alter.game.service.GameService - Server running - RAM: 1119MB / 1316MB (Max: 8180MB) 
[2025-11-29 13:29:59.783] INFO  org.alter.game.service.GameService - Server running - RAM: 593MB / 1316MB (Max: 8180MB) 
[2025-11-29 13:30:06.382] INFO  org.alter.game.service.GameService - Server running - RAM: 715MB / 1316MB (Max: 8180MB) 
[2025-11-29 13:30:12.987] INFO  org.alter.game.service.GameService - Server running - RAM: 863MB / 1316MB (Max: 8180MB) 
[2025-11-29 13:30:19.591] INFO  org.alter.game.service.GameService - Server running - RAM: 1005MB / 1316MB (Max: 8180MB) 
[2025-11-29 13:30:26.183] INFO  org.alter.game.service.GameService - Server running - RAM: 1131MB / 1316MB (Max: 8180MB) 
[2025-11-29 13:30:32.775] INFO  org.alter.game.service.GameService - Server running - RAM: 601MB / 1316MB (Max: 8180MB) 
[2025-11-29 13:30:39.396] INFO  org.alter.game.service.GameService - Server running - RAM: 747MB / 1316MB (Max: 8180MB) 
[2025-11-29 13:30:45.974] INFO  org.alter.game.service.GameService - Server running - RAM: 871MB / 1316MB (Max: 8180MB) 
[2025-11-29 13:30:52.573] INFO  org.alter.game.service.GameService - Server running - RAM: 1019MB / 1316MB (Max: 8180MB) 
[2025-11-29 13:30:59.190] INFO  org.alter.game.service.GameService - Server running - RAM: 1159MB / 1316MB (Max: 8180MB) 
[2025-11-29 13:31:05.783] INFO  org.alter.game.service.GameService - Server running - RAM: 615MB / 1316MB (Max: 8180MB) 
[2025-11-29 13:31:12.373] INFO  org.alter.game.service.GameService - Server running - RAM: 759MB / 1316MB (Max: 8180MB) 
[2025-11-29 13:31:18.999] INFO  org.alter.game.service.GameService - Server running - RAM: 905MB / 1316MB (Max: 8180MB) 
[2025-11-29 13:31:25.581] INFO  org.alter.game.service.GameService - Server running - RAM: 1027MB / 1316MB (Max: 8180MB) 
[2025-11-29 13:31:32.176] INFO  org.alter.game.service.GameService - Server running - RAM: 503MB / 1316MB (Max: 8180MB) 
[2025-11-29 13:31:38.785] INFO  org.alter.game.service.GameService - Server running - RAM: 643MB / 1316MB (Max: 8180MB) 
[2025-11-29 13:31:45.380] INFO  org.alter.game.service.GameService - Server running - RAM: 771MB / 1316MB (Max: 8180MB) 
[2025-11-29 13:31:51.978] INFO  org.alter.game.service.GameService - Server running - RAM: 913MB / 1316MB (Max: 8180MB) 
[2025-11-29 13:31:58.596] INFO  org.alter.game.service.GameService - Server running - RAM: 1059MB / 1316MB (Max: 8180MB) 
[2025-11-29 13:32:05.171] INFO  org.alter.game.service.GameService - Server running - RAM: 509MB / 1316MB (Max: 8180MB) 
[2025-11-29 13:32:11.779] INFO  org.alter.game.service.GameService - Server running - RAM: 657MB / 1316MB (Max: 8180MB) 
[2025-11-29 13:32:18.391] INFO  org.alter.game.service.GameService - Server running - RAM: 799MB / 1316MB (Max: 8180MB) 
[2025-11-29 13:32:24.985] INFO  org.alter.game.service.GameService - Server running - RAM: 925MB / 1316MB (Max: 8180MB) 
[2025-11-29 13:32:31.571] INFO  org.alter.game.service.GameService - Server running - RAM: 1069MB / 1316MB (Max: 8180MB) 
[2025-11-29 13:32:38.186] INFO  org.alter.game.service.GameService - Server running - RAM: 543MB / 1316MB (Max: 8180MB) 
[2025-11-29 13:32:44.781] INFO  org.alter.game.service.GameService - Server running - RAM: 665MB / 1316MB (Max: 8180MB) 
[2025-11-29 13:32:51.387] INFO  org.alter.game.service.GameService - Server running - RAM: 813MB / 1316MB (Max: 8180MB) 
[2025-11-29 13:32:57.978] INFO  org.alter.game.service.GameService - Server running - RAM: 953MB / 1316MB (Max: 8180MB) 
[2025-11-29 13:33:04.585] INFO  org.alter.game.service.GameService - Server running - RAM: 1081MB / 1316MB (Max: 8180MB) 
[2025-11-29 13:33:11.173] INFO  org.alter.game.service.GameService - Server running - RAM: 551MB / 1316MB (Max: 8180MB) 
[2025-11-29 13:33:17.792] INFO  org.alter.game.service.GameService - Server running - RAM: 697MB / 1316MB (Max: 8180MB) 
[2025-11-29 13:33:24.377] INFO  org.alter.game.service.GameService - Server running - RAM: 819MB / 1316MB (Max: 8180MB) 
[2025-11-29 13:33:30.974] INFO  org.alter.game.service.GameService - Server running - RAM: 967MB / 1316MB (Max: 8180MB) 
[2025-11-29 13:33:37.587] INFO  org.alter.game.service.GameService - Server running - RAM: 1107MB / 1316MB (Max: 8180MB) 
[2025-11-29 13:33:44.175] INFO  org.alter.game.service.GameService - Server running - RAM: 563MB / 1316MB (Max: 8180MB) 
[2025-11-29 13:33:50.778] INFO  org.alter.game.service.GameService - Server running - RAM: 705MB / 1316MB (Max: 8180MB) 
[2025-11-29 13:33:57.397] INFO  org.alter.game.service.GameService - Server running - RAM: 853MB / 1316MB (Max: 8180MB) 
[2025-11-29 13:34:03.980] INFO  org.alter.game.service.GameService - Server running - RAM: 973MB / 1316MB (Max: 8180MB) 
[2025-11-29 13:34:10.585] INFO  org.alter.game.service.GameService - Server running - RAM: 1121MB / 1316MB (Max: 8180MB) 
[2025-11-29 13:34:17.185] INFO  org.alter.game.service.GameService - Server running - RAM: 591MB / 1316MB (Max: 8180MB) 
[2025-11-29 13:34:23.778] INFO  org.alter.game.service.GameService - Server running - RAM: 717MB / 1316MB (Max: 8180MB) 
[2025-11-29 13:34:30.373] INFO  org.alter.game.service.GameService - Server running - RAM: 859MB / 1316MB (Max: 8180MB) 
[2025-11-29 13:34:36.999] INFO  org.alter.game.service.GameService - Server running - RAM: 1005MB / 1316MB (Max: 8180MB) 
[2025-11-29 13:34:39.173] INFO  spark.webserver.MatcherFilter - The requested route [/world_list.ws] has not been mapped in Spark 
[2025-11-29 13:34:43.580] INFO  org.alter.game.service.GameService - Server running - RAM: 1129MB / 1316MB (Max: 8180MB) 
[2025-11-29 13:34:50.182] INFO  org.alter.game.service.GameService - Server running - RAM: 605MB / 1316MB (Max: 8180MB) 
[2025-11-29 13:34:56.792] INFO  org.alter.game.service.GameService - Server running - RAM: 745MB / 1316MB (Max: 8180MB) 
[2025-11-29 13:35:03.384] INFO  org.alter.game.service.GameService - Server running - RAM: 873MB / 1316MB (Max: 8180MB) 
[2025-11-29 13:35:09.980] INFO  org.alter.game.service.GameService - Server running - RAM: 1015MB / 1316MB (Max: 8180MB) 
[2025-11-29 13:35:16.594] INFO  org.alter.game.service.GameService - Server running - RAM: 1161MB / 1316MB (Max: 8180MB) 
[2025-11-29 13:35:23.181] INFO  org.alter.game.service.GameService - Server running - RAM: 611MB / 1316MB (Max: 8180MB) 
[2025-11-29 13:35:29.778] INFO  org.alter.game.service.GameService - Server running - RAM: 759MB / 1316MB (Max: 8180MB) 
[2025-11-29 13:35:36.392] INFO  org.alter.game.service.GameService - Server running - RAM: 899MB / 1316MB (Max: 8180MB) 
[2025-11-29 13:35:42.984] INFO  org.alter.game.service.GameService - Server running - RAM: 1027MB / 1316MB (Max: 8180MB) 
[2025-11-29 13:35:49.578] INFO  org.alter.game.service.GameService - Server running - RAM: 1171MB / 1316MB (Max: 8180MB) 
[2025-11-29 13:35:56.184] INFO  org.alter.game.service.GameService - Server running - RAM: 647MB / 1316MB (Max: 8180MB) 
[2025-11-29 13:36:02.771] INFO  org.alter.game.service.GameService - Server running - RAM: 767MB / 1316MB (Max: 8180MB) 
[2025-11-29 13:36:09.373] INFO  org.alter.game.service.GameService - Server running - RAM: 915MB / 1316MB (Max: 8180MB) 
[2025-11-29 13:36:15.980] INFO  org.alter.game.service.GameService - Server running - RAM: 1057MB / 1316MB (Max: 8180MB) 
[2025-11-29 13:36:22.583] INFO  org.alter.game.service.GameService - Server running - RAM: 513MB / 1316MB (Max: 8180MB) 
[2025-11-29 13:36:29.180] INFO  org.alter.game.service.GameService - Server running - RAM: 655MB / 1316MB (Max: 8180MB) 
[2025-11-29 13:36:35.797] INFO  org.alter.game.service.GameService - Server running - RAM: 801MB / 1316MB (Max: 8180MB) 
[2025-11-29 13:36:42.382] INFO  org.alter.game.service.GameService - Server running - RAM: 923MB / 1316MB (Max: 8180MB) 
[2025-11-29 13:36:48.973] INFO  org.alter.game.service.GameService - Server running - RAM: 1071MB / 1316MB (Max: 8180MB) 
[2025-11-29 13:36:55.588] INFO  org.alter.game.service.GameService - Server running - RAM: 539MB / 1316MB (Max: 8180MB) 
[2025-11-29 13:37:02.177] INFO  org.alter.game.service.GameService - Server running - RAM: 667MB / 1316MB (Max: 8180MB) 
[2025-11-29 13:37:08.779] INFO  org.alter.game.service.GameService - Server running - RAM: 809MB / 1316MB (Max: 8180MB) 
[2025-11-29 13:37:15.392] INFO  org.alter.game.service.GameService - Server running - RAM: 955MB / 1316MB (Max: 8180MB) 
[2025-11-29 13:37:21.979] INFO  org.alter.game.service.GameService - Server running - RAM: 1077MB / 1316MB (Max: 8180MB) 
[2025-11-29 13:37:28.578] INFO  org.alter.game.service.GameService - Server running - RAM: 553MB / 1316MB (Max: 8180MB) 
[2025-11-29 13:37:35.188] INFO  org.alter.game.service.GameService - Server running - RAM: 695MB / 1316MB (Max: 8180MB) 
[2025-11-29 13:37:41.789] INFO  org.alter.game.service.GameService - Server running - RAM: 821MB / 1316MB (Max: 8180MB) 
[2025-11-29 13:37:48.372] INFO  org.alter.game.service.GameService - Server running - RAM: 965MB / 1316MB (Max: 8180MB) 
[2025-11-29 13:37:54.993] INFO  org.alter.game.service.GameService - Server running - RAM: 1111MB / 1316MB (Max: 8180MB) 
[2025-11-29 13:38:01.573] INFO  org.alter.game.service.GameService - Server running - RAM: 561MB / 1316MB (Max: 8180MB) 
[2025-11-29 13:38:08.179] INFO  org.alter.game.service.GameService - Server running - RAM: 707MB / 1316MB (Max: 8180MB) 
[2025-11-29 13:38:14.793] INFO  org.alter.game.service.GameService - Server running - RAM: 849MB / 1316MB (Max: 8180MB) 
[2025-11-29 13:38:21.382] INFO  org.alter.game.service.GameService - Server running - RAM: 977MB / 1316MB (Max: 8180MB) 
[2025-11-29 13:38:27.972] INFO  org.alter.game.service.GameService - Server running - RAM: 1119MB / 1316MB (Max: 8180MB) 
[2025-11-29 13:38:34.596] INFO  org.alter.game.service.GameService - Server running - RAM: 593MB / 1316MB (Max: 8180MB) 
[2025-11-29 13:38:41.181] INFO  org.alter.game.service.GameService - Server running - RAM: 715MB / 1316MB (Max: 8180MB) 
[2025-11-29 13:38:47.786] INFO  org.alter.game.service.GameService - Server running - RAM: 863MB / 1316MB (Max: 8180MB) 
[2025-11-29 13:38:54.386] INFO  org.alter.game.service.GameService - Server running - RAM: 1003MB / 1316MB (Max: 8180MB) 
[2025-11-29 13:39:00.986] INFO  org.alter.game.service.GameService - Server running - RAM: 1131MB / 1316MB (Max: 8180MB) 
[2025-11-29 13:39:07.581] INFO  org.alter.game.service.GameService - Server running - RAM: 601MB / 1316MB (Max: 8180MB) 
[2025-11-29 13:39:14.199] INFO  org.alter.game.service.GameService - Server running - RAM: 749MB / 1316MB (Max: 8180MB) 
[2025-11-29 13:39:20.783] INFO  org.alter.game.service.GameService - Server running - RAM: 869MB / 1316MB (Max: 8180MB) 
[2025-11-29 13:39:22.147] INFO  spark.webserver.MatcherFilter - The requested route [/jav_config.ws] has not been mapped in Spark 
[2025-11-29 13:39:27.394] INFO  org.alter.game.service.GameService - Server running - RAM: 1019MB / 1316MB (Max: 8180MB) 
[2025-11-29 13:39:33.985] INFO  org.alter.game.service.GameService - Server running - RAM: 1161MB / 1316MB (Max: 8180MB) 
[2025-11-29 13:39:40.580] INFO  org.alter.game.service.GameService - Server running - RAM: 615MB / 1316MB (Max: 8180MB) 
[2025-11-29 13:39:47.177] INFO  org.alter.game.service.GameService - Server running - RAM: 759MB / 1316MB (Max: 8180MB) 
[2025-11-29 13:39:53.795] INFO  org.alter.game.service.GameService - Server running - RAM: 905MB / 1316MB (Max: 8180MB) 
[2025-11-29 13:40:00.378] INFO  org.alter.game.service.GameService - Server running - RAM: 1027MB / 1316MB (Max: 8180MB) 
[2025-11-29 13:40:06.982] INFO  org.alter.game.service.GameService - Server running - RAM: 503MB / 1316MB (Max: 8180MB) 
[2025-11-29 13:40:13.589] INFO  org.alter.game.service.GameService - Server running - RAM: 645MB / 1316MB (Max: 8180MB) 
[2025-11-29 13:40:15.562] INFO  spark.webserver.MatcherFilter - The requested route [/jav_config.ws] has not been mapped in Spark 
[2025-11-29 13:40:15.568] INFO  spark.webserver.MatcherFilter - The requested route [/world_list.ws] has not been mapped in Spark 
[2025-11-29 13:40:20.199] INFO  org.alter.game.service.GameService - Server running - RAM: 773MB / 1316MB (Max: 8180MB) 
[2025-11-29 13:40:26.772] INFO  org.alter.game.service.GameService - Server running - RAM: 915MB / 1316MB (Max: 8180MB) 
[2025-11-29 13:40:31.021] INFO  spark.webserver.MatcherFilter - The requested route [/world_list.ws] has not been mapped in Spark 
[2025-11-29 13:40:33.399] INFO  org.alter.game.service.GameService - Server running - RAM: 1063MB / 1316MB (Max: 8180MB) 
[2025-11-29 13:40:39.980] INFO  org.alter.game.service.GameService - Server running - RAM: 513MB / 1316MB (Max: 8180MB) 
[2025-11-29 13:40:46.575] INFO  org.alter.game.service.GameService - Server running - RAM: 663MB / 1316MB (Max: 8180MB) 
[2025-11-29 13:40:53.181] INFO  org.alter.game.service.GameService - Server running - RAM: 803MB / 1316MB (Max: 8180MB) 
[2025-11-29 13:40:59.785] INFO  org.alter.game.service.GameService - Server running - RAM: 929MB / 1316MB (Max: 8180MB) 
[2025-11-29 13:41:06.377] INFO  org.alter.game.service.GameService - Server running - RAM: 1073MB / 1316MB (Max: 8180MB) 
[2025-11-29 13:42:55.689] INFO  org.eclipse.jetty.util.log - Logging initialized @59739ms 
[2025-11-29 13:42:55.720] INFO  spark.webserver.JettySparkServer - == Spark has ignited ... 
[2025-11-29 13:42:55.721] INFO  spark.webserver.JettySparkServer - >> Listening on 0.0.0.0:8080 
[2025-11-29 13:42:55.722] INFO  org.eclipse.jetty.server.Server - jetty-9.3.2.v20150730 
[2025-11-29 13:42:55.797] INFO  o.e.jetty.server.ServerConnector - Started ServerConnector@244ff235{HTTP/1.1,[http/1.1]}{0.0.0.0:8080} 
[2025-11-29 13:42:55.797] INFO  org.eclipse.jetty.server.Server - Started @59850ms 
[2025-11-29 13:42:56.194] INFO  spark.webserver.MatcherFilter - The requested route [/jav_config.ws] has not been mapped in Spark 
[2025-11-29 13:43:02.580] INFO  spark.webserver.MatcherFilter - The requested route [/jav_config.ws] has not been mapped in Spark 
[2025-11-29 13:43:02.619] INFO  spark.webserver.MatcherFilter - The requested route [/world_list.ws] has not been mapped in Spark 
[2025-11-29 13:43:08.072] INFO  org.alter.game.service.GameService - Server running - RAM: 987MB / 1348MB (Max: 8180MB) 
[2025-11-29 13:43:08.583] INFO  spark.webserver.MatcherFilter - The requested route [/world_list.ws] has not been mapped in Spark 
[2025-11-29 13:43:08.647] INFO  spark.webserver.MatcherFilter - The requested route [/jav_config.ws] has not been mapped in Spark 
[2025-11-29 13:43:14.175] INFO  spark.webserver.MatcherFilter - The requested route [/world_list.ws] has not been mapped in Spark 
[2025-11-29 13:43:14.686] INFO  org.alter.game.service.GameService - Server running - RAM: 645MB / 1348MB (Max: 8180MB) 
[2025-11-29 13:43:21.283] INFO  org.alter.game.service.GameService - Server running - RAM: 785MB / 1348MB (Max: 8180MB) 
[2025-11-29 13:43:27.852] INFO  org.alter.game.service.GameService - Server running - RAM: 896MB / 1348MB (Max: 8180MB) 
[2025-11-29 13:43:34.496] INFO  org.alter.game.service.GameService - Server running - RAM: 542MB / 1348MB (Max: 8180MB) 
[2025-11-29 13:43:41.075] INFO  org.alter.game.service.GameService - Server running - RAM: 670MB / 1348MB (Max: 8180MB) 
[2025-11-29 13:43:47.658] INFO  org.alter.game.service.GameService - Server running - RAM: 786MB / 1348MB (Max: 8180MB) 
[2025-11-29 13:43:54.269] INFO  org.alter.game.service.GameService - Server running - RAM: 918MB / 1348MB (Max: 8180MB) 
[2025-11-29 13:44:00.878] INFO  org.alter.game.service.GameService - Server running - RAM: 1054MB / 1348MB (Max: 8180MB) 
[2025-11-29 13:44:01.637] INFO  spark.webserver.MatcherFilter - The requested route [/world_list.ws] has not been mapped in Spark 
[2025-11-29 13:44:01.677] INFO  spark.webserver.MatcherFilter - The requested route [/jav_config.ws] has not been mapped in Spark 
[2025-11-29 13:44:07.464] INFO  org.alter.game.service.GameService - Server running - RAM: 646MB / 1348MB (Max: 8180MB) 
[2025-11-29 13:44:14.065] INFO  org.alter.game.service.GameService - Server running - RAM: 782MB / 1348MB (Max: 8180MB) 
[2025-11-29 13:44:20.665] INFO  org.alter.game.service.GameService - Server running - RAM: 920MB / 1348MB (Max: 8180MB) 
[2025-11-29 13:44:27.259] INFO  org.alter.game.service.GameService - Server running - RAM: 1042MB / 1348MB (Max: 8180MB) 
[2025-11-29 13:44:33.863] INFO  org.alter.game.service.GameService - Server running - RAM: 623MB / 1348MB (Max: 8180MB) 
[2025-11-29 13:44:40.478] INFO  org.alter.game.service.GameService - Server running - RAM: 759MB / 1348MB (Max: 8180MB) 
[2025-11-29 13:44:47.059] INFO  org.alter.game.service.GameService - Server running - RAM: 869MB / 1348MB (Max: 8180MB) 
[2025-11-29 13:44:53.658] INFO  org.alter.game.service.GameService - Server running - RAM: 1007MB / 1348MB (Max: 8180MB) 
[2025-11-29 13:45:00.265] INFO  org.alter.game.service.GameService - Server running - RAM: 565MB / 1348MB (Max: 8180MB) 
[2025-11-29 13:45:06.862] INFO  org.alter.game.service.GameService - Server running - RAM: 683MB / 1348MB (Max: 8180MB) 
[2025-11-29 13:45:13.456] INFO  org.alter.game.service.GameService - Server running - RAM: 817MB / 1348MB (Max: 8180MB) 
[2025-11-29 13:45:20.069] INFO  org.alter.game.service.GameService - Server running - RAM: 951MB / 1348MB (Max: 8180MB) 
[2025-11-29 13:45:26.659] INFO  org.alter.game.service.GameService - Server running - RAM: 1063MB / 1348MB (Max: 8180MB) 
[2025-11-29 13:45:33.265] INFO  org.alter.game.service.GameService - Server running - RAM: 615MB / 1348MB (Max: 8180MB) 
[2025-11-29 13:45:39.866] INFO  org.alter.game.service.GameService - Server running - RAM: 745MB / 1348MB (Max: 8180MB) 
[2025-11-29 13:45:46.462] INFO  org.alter.game.service.GameService - Server running - RAM: 861MB / 1348MB (Max: 8180MB) 
[2025-11-29 13:45:53.065] INFO  org.alter.game.service.GameService - Server running - RAM: 995MB / 1348MB (Max: 8180MB) 
[2025-11-29 13:45:59.673] INFO  org.alter.game.service.GameService - Server running - RAM: 1129MB / 1348MB (Max: 8180MB) 
[2025-11-29 13:46:06.263] INFO  org.alter.game.service.GameService - Server running - RAM: 639MB / 1348MB (Max: 8180MB) 
[2025-11-29 13:46:12.871] INFO  org.alter.game.service.GameService - Server running - RAM: 777MB / 1348MB (Max: 8180MB) 
[2025-11-29 13:46:19.468] INFO  org.alter.game.service.GameService - Server running - RAM: 907MB / 1348MB (Max: 8180MB) 
[2025-11-29 13:46:26.067] INFO  org.alter.game.service.GameService - Server running - RAM: 1025MB / 1348MB (Max: 8180MB) 
[2025-11-29 13:46:32.674] INFO  org.alter.game.service.GameService - Server running - RAM: 543MB / 1348MB (Max: 8180MB) 
[2025-11-29 13:46:39.276] INFO  org.alter.game.service.GameService - Server running - RAM: 679MB / 1348MB (Max: 8180MB) 
[2025-11-29 13:46:45.852] INFO  org.alter.game.service.GameService - Server running - RAM: 791MB / 1348MB (Max: 8180MB) 
[2025-11-29 13:46:52.458] INFO  org.alter.game.service.GameService - Server running - RAM: 927MB / 1348MB (Max: 8180MB) 
[2025-11-29 13:46:59.073] INFO  org.alter.game.service.GameService - Server running - RAM: 1059MB / 1348MB (Max: 8180MB) 
[2025-11-29 13:47:05.658] INFO  org.alter.game.service.GameService - Server running - RAM: 553MB / 1348MB (Max: 8180MB) 
[2025-11-29 13:47:12.261] INFO  org.alter.game.service.GameService - Server running - RAM: 685MB / 1348MB (Max: 8180MB) 
[2025-11-29 13:47:18.871] INFO  org.alter.game.service.GameService - Server running - RAM: 821MB / 1348MB (Max: 8180MB) 
[2025-11-29 13:47:25.460] INFO  org.alter.game.service.GameService - Server running - RAM: 933MB / 1348MB (Max: 8180MB) 
[2025-11-29 13:47:32.073] INFO  org.alter.game.service.GameService - Server running - RAM: 1071MB / 1348MB (Max: 8180MB) 
[2025-11-29 13:47:38.670] INFO  org.alter.game.service.GameService - Server running - RAM: 571MB / 1348MB (Max: 8180MB) 
[2025-11-29 13:47:45.263] INFO  org.alter.game.service.GameService - Server running - RAM: 687MB / 1348MB (Max: 8180MB) 
[2025-11-29 13:47:51.869] INFO  org.alter.game.service.GameService - Server running - RAM: 819MB / 1348MB (Max: 8180MB) 
[2025-11-29 13:47:58.476] INFO  org.alter.game.service.GameService - Server running - RAM: 953MB / 1348MB (Max: 8180MB) 
[2025-11-29 13:48:05.062] INFO  org.alter.game.service.GameService - Server running - RAM: 1067MB / 1348MB (Max: 8180MB) 
[2025-11-29 13:48:11.663] INFO  org.alter.game.service.GameService - Server running - RAM: 563MB / 1348MB (Max: 8180MB) 
[2025-11-29 13:48:18.275] INFO  org.alter.game.service.GameService - Server running - RAM: 695MB / 1348MB (Max: 8180MB) 
[2025-11-29 13:48:24.865] INFO  org.alter.game.service.GameService - Server running - RAM: 809MB / 1348MB (Max: 8180MB) 
[2025-11-29 13:48:31.459] INFO  org.alter.game.service.GameService - Server running - RAM: 943MB / 1348MB (Max: 8180MB) 
[2025-11-29 13:48:38.064] INFO  org.alter.game.service.GameService - Server running - RAM: 1079MB / 1348MB (Max: 8180MB) 
[2025-11-29 13:48:44.649] INFO  org.alter.game.service.GameService - Server running - RAM: 545MB / 1348MB (Max: 8180MB) 
[2025-11-29 13:48:51.259] INFO  org.alter.game.service.GameService - Server running - RAM: 681MB / 1348MB (Max: 8180MB) 
[2025-11-29 13:48:57.872] INFO  org.alter.game.service.GameService - Server running - RAM: 811MB / 1348MB (Max: 8180MB) 
[2025-11-29 13:49:04.458] INFO  org.alter.game.service.GameService - Server running - RAM: 929MB / 1348MB (Max: 8180MB) 
[2025-11-29 13:49:11.057] INFO  org.alter.game.service.GameService - Server running - RAM: 1061MB / 1348MB (Max: 8180MB) 
[2025-11-29 13:49:17.701] INFO  org.alter.game.service.GameService - Server running - RAM: 547MB / 1348MB (Max: 8180MB) 
[2025-11-29 13:49:24.260] INFO  org.alter.game.service.GameService - Server running - RAM: 659MB / 1348MB (Max: 8180MB) 
[2025-11-29 13:49:30.869] INFO  org.alter.game.service.GameService - Server running - RAM: 795MB / 1348MB (Max: 8180MB) 
[2025-11-29 13:49:37.462] INFO  org.alter.game.service.GameService - Server running - RAM: 927MB / 1348MB (Max: 8180MB) 
[2025-11-29 13:49:44.064] INFO  org.alter.game.service.GameService - Server running - RAM: 1043MB / 1348MB (Max: 8180MB) 
[2025-11-29 13:49:50.658] INFO  org.alter.game.service.GameService - Server running - RAM: 1175MB / 1348MB (Max: 8180MB) 
[2025-11-29 13:49:57.274] INFO  org.alter.game.service.GameService - Server running - RAM: 658MB / 1348MB (Max: 8180MB) 
[2025-11-29 13:50:03.862] INFO  org.alter.game.service.GameService - Server running - RAM: 770MB / 1348MB (Max: 8180MB) 
[2025-11-29 13:50:10.460] INFO  org.alter.game.service.GameService - Server running - RAM: 906MB / 1348MB (Max: 8180MB) 
[2025-11-29 13:50:17.067] INFO  org.alter.game.service.GameService - Server running - RAM: 1038MB / 1348MB (Max: 8180MB) 
[2025-11-29 13:50:23.658] INFO  org.alter.game.service.GameService - Server running - RAM: 1152MB / 1348MB (Max: 8180MB) 
[2025-11-29 13:50:30.258] INFO  org.alter.game.service.GameService - Server running - RAM: 627MB / 1348MB (Max: 8180MB) 
[2025-11-29 13:50:32.190] INFO  spark.webserver.MatcherFilter - The requested route [/world_list.ws] has not been mapped in Spark 
[2025-11-29 13:50:36.871] INFO  org.alter.game.service.GameService - Server running - RAM: 765MB / 1348MB (Max: 8180MB) 
[2025-11-29 13:50:43.460] INFO  org.alter.game.service.GameService - Server running - RAM: 877MB / 1348MB (Max: 8180MB) 
[2025-11-29 13:50:50.062] INFO  org.alter.game.service.GameService - Server running - RAM: 1013MB / 1348MB (Max: 8180MB) 
[2025-11-29 13:50:56.667] INFO  org.alter.game.service.GameService - Server running - RAM: 1143MB / 1348MB (Max: 8180MB) 
[2025-11-29 13:51:03.262] INFO  org.alter.game.service.GameService - Server running - RAM: 605MB / 1348MB (Max: 8180MB) 
