[2025-11-16 00:32:14.858] WARN  d.o.c.u.c.DecompressionContext - BZIP2 Compression found - replace to improve read performance. 
[2025-11-16 00:32:15.425] INFO  d.o.c.f.definition.DefinitionDecoder - 14162 NPCDecoder definitions loaded in 444ms 
[2025-11-16 00:32:16.146] INFO  d.o.c.f.definition.DefinitionDecoder - 56080 ObjectDecoder definitions loaded in 714ms 
[2025-11-16 00:32:16.456] INFO  d.o.c.f.definition.DefinitionDecoder - 30644 ItemDecoder definitions loaded in 306ms 
[2025-11-16 00:32:16.532] INFO  d.o.c.f.definition.DefinitionDecoder - 17252 VarBitDecoder definitions loaded in 73ms 
[2025-11-16 00:32:16.542] INFO  d.o.c.f.definition.DefinitionDecoder - 4660 VarDecoder definitions loaded in 8ms 
[2025-11-16 00:32:16.670] INFO  d.o.c.f.definition.DefinitionDecoder - 12025 SequenceDecoder definitions loaded in 126ms 
[2025-11-16 00:32:16.731] INFO  d.o.c.f.definition.DefinitionDecoder - 5714 EnumDecoder definitions loaded in 59ms 
[2025-11-16 00:32:16.735] INFO  d.o.c.f.definition.DefinitionDecoder - 79 HealthBarDecoder definitions loaded in 2ms 
[2025-11-16 00:32:16.738] INFO  d.o.c.f.definition.DefinitionDecoder - 78 HitSplatDecoder definitions loaded in 2ms 
[2025-11-16 00:32:16.782] INFO  d.o.c.f.definition.DefinitionDecoder - 5822 StructDecoder definitions loaded in 43ms 
[2025-11-16 00:32:16.791] INFO  d.o.c.f.definition.DefinitionDecoder - 86 DBTableDecoder definitions loaded in 7ms 
[2025-11-16 00:32:16.822] INFO  d.o.c.f.definition.DefinitionDecoder - 4235 DBRowDecoder definitions loaded in 30ms 
[2025-11-16 00:36:58.727] WARN  d.o.c.u.c.DecompressionContext - BZIP2 Compression found - replace to improve read performance. 
[2025-11-16 00:36:59.118] INFO  d.o.c.f.definition.DefinitionDecoder - 14162 NPCDecoder definitions loaded in 293ms 
[2025-11-16 00:36:59.835] INFO  d.o.c.f.definition.DefinitionDecoder - 56080 ObjectDecoder definitions loaded in 712ms 
[2025-11-16 00:37:00.144] INFO  d.o.c.f.definition.DefinitionDecoder - 30644 ItemDecoder definitions loaded in 305ms 
[2025-11-16 00:37:00.219] INFO  d.o.c.f.definition.DefinitionDecoder - 17252 VarBitDecoder definitions loaded in 73ms 
[2025-11-16 00:37:00.227] INFO  d.o.c.f.definition.DefinitionDecoder - 4660 VarDecoder definitions loaded in 6ms 
[2025-11-16 00:37:00.341] INFO  d.o.c.f.definition.DefinitionDecoder - 12025 SequenceDecoder definitions loaded in 113ms 
[2025-11-16 00:37:00.396] INFO  d.o.c.f.definition.DefinitionDecoder - 5714 EnumDecoder definitions loaded in 54ms 
[2025-11-16 00:37:00.399] INFO  d.o.c.f.definition.DefinitionDecoder - 79 HealthBarDecoder definitions loaded in 1ms 
[2025-11-16 00:37:00.404] INFO  d.o.c.f.definition.DefinitionDecoder - 78 HitSplatDecoder definitions loaded in 4ms 
[2025-11-16 00:37:00.440] INFO  d.o.c.f.definition.DefinitionDecoder - 5822 StructDecoder definitions loaded in 35ms 
[2025-11-16 00:37:00.448] INFO  d.o.c.f.definition.DefinitionDecoder - 86 DBTableDecoder definitions loaded in 6ms 
[2025-11-16 00:37:00.477] INFO  d.o.c.f.definition.DefinitionDecoder - 4235 DBRowDecoder definitions loaded in 28ms 
[2025-11-16 00:40:10.958] WARN  d.o.c.u.c.DecompressionContext - BZIP2 Compression found - replace to improve read performance. 
[2025-11-16 00:40:11.388] INFO  d.o.c.f.definition.DefinitionDecoder - 14162 NPCDecoder definitions loaded in 305ms 
[2025-11-16 00:40:12.145] INFO  d.o.c.f.definition.DefinitionDecoder - 56080 ObjectDecoder definitions loaded in 751ms 
[2025-11-16 00:40:12.449] INFO  d.o.c.f.definition.DefinitionDecoder - 30644 ItemDecoder definitions loaded in 300ms 
[2025-11-16 00:40:12.511] INFO  d.o.c.f.definition.DefinitionDecoder - 17252 VarBitDecoder definitions loaded in 60ms 
[2025-11-16 00:40:12.537] INFO  d.o.c.f.definition.DefinitionDecoder - 4660 VarDecoder definitions loaded in 9ms 
[2025-11-16 00:40:12.650] INFO  d.o.c.f.definition.DefinitionDecoder - 12025 SequenceDecoder definitions loaded in 111ms 
[2025-11-16 00:40:12.699] INFO  d.o.c.f.definition.DefinitionDecoder - 5714 EnumDecoder definitions loaded in 47ms 
[2025-11-16 00:40:12.702] INFO  d.o.c.f.definition.DefinitionDecoder - 79 HealthBarDecoder definitions loaded in 2ms 
[2025-11-16 00:40:12.705] INFO  d.o.c.f.definition.DefinitionDecoder - 78 HitSplatDecoder definitions loaded in 2ms 
[2025-11-16 00:40:12.743] INFO  d.o.c.f.definition.DefinitionDecoder - 5822 StructDecoder definitions loaded in 38ms 
[2025-11-16 00:40:12.750] INFO  d.o.c.f.definition.DefinitionDecoder - 86 DBTableDecoder definitions loaded in 5ms 
[2025-11-16 00:40:12.776] INFO  d.o.c.f.definition.DefinitionDecoder - 4235 DBRowDecoder definitions loaded in 25ms 
[2025-11-16 00:40:57.657] WARN  d.o.c.u.c.DecompressionContext - BZIP2 Compression found - replace to improve read performance. 
[2025-11-16 00:40:58.055] INFO  d.o.c.f.definition.DefinitionDecoder - 14162 NPCDecoder definitions loaded in 318ms 
[2025-11-16 00:40:58.770] INFO  d.o.c.f.definition.DefinitionDecoder - 56080 ObjectDecoder definitions loaded in 709ms 
[2025-11-16 00:40:59.074] INFO  d.o.c.f.definition.DefinitionDecoder - 30644 ItemDecoder definitions loaded in 299ms 
[2025-11-16 00:40:59.154] INFO  d.o.c.f.definition.DefinitionDecoder - 17252 VarBitDecoder definitions loaded in 77ms 
[2025-11-16 00:40:59.163] INFO  d.o.c.f.definition.DefinitionDecoder - 4660 VarDecoder definitions loaded in 7ms 
[2025-11-16 00:40:59.282] INFO  d.o.c.f.definition.DefinitionDecoder - 12025 SequenceDecoder definitions loaded in 117ms 
[2025-11-16 00:40:59.333] INFO  d.o.c.f.definition.DefinitionDecoder - 5714 EnumDecoder definitions loaded in 49ms 
[2025-11-16 00:40:59.336] INFO  d.o.c.f.definition.DefinitionDecoder - 79 HealthBarDecoder definitions loaded in 2ms 
[2025-11-16 00:40:59.340] INFO  d.o.c.f.definition.DefinitionDecoder - 78 HitSplatDecoder definitions loaded in 2ms 
[2025-11-16 00:40:59.376] INFO  d.o.c.f.definition.DefinitionDecoder - 5822 StructDecoder definitions loaded in 36ms 
[2025-11-16 00:40:59.384] INFO  d.o.c.f.definition.DefinitionDecoder - 86 DBTableDecoder definitions loaded in 5ms 
[2025-11-16 00:40:59.411] INFO  d.o.c.f.definition.DefinitionDecoder - 4235 DBRowDecoder definitions loaded in 27ms 
[2025-11-16 00:46:55.510] WARN  d.o.c.u.c.DecompressionContext - BZIP2 Compression found - replace to improve read performance. 
[2025-11-16 00:46:55.937] INFO  d.o.c.f.definition.DefinitionDecoder - 14162 NPCDecoder definitions loaded in 317ms 
[2025-11-16 00:46:56.619] INFO  d.o.c.f.definition.DefinitionDecoder - 56080 ObjectDecoder definitions loaded in 675ms 
[2025-11-16 00:46:56.914] INFO  d.o.c.f.definition.DefinitionDecoder - 30644 ItemDecoder definitions loaded in 290ms 
[2025-11-16 00:46:56.972] INFO  d.o.c.f.definition.DefinitionDecoder - 17252 VarBitDecoder definitions loaded in 54ms 
[2025-11-16 00:46:56.996] INFO  d.o.c.f.definition.DefinitionDecoder - 4660 VarDecoder definitions loaded in 7ms 
[2025-11-16 00:46:57.124] INFO  d.o.c.f.definition.DefinitionDecoder - 12025 SequenceDecoder definitions loaded in 126ms 
[2025-11-16 00:46:57.180] INFO  d.o.c.f.definition.DefinitionDecoder - 5714 EnumDecoder definitions loaded in 54ms 
[2025-11-16 00:46:57.184] INFO  d.o.c.f.definition.DefinitionDecoder - 79 HealthBarDecoder definitions loaded in 2ms 
[2025-11-16 00:46:57.189] INFO  d.o.c.f.definition.DefinitionDecoder - 78 HitSplatDecoder definitions loaded in 3ms 
[2025-11-16 00:46:57.261] INFO  d.o.c.f.definition.DefinitionDecoder - 5822 StructDecoder definitions loaded in 69ms 
[2025-11-16 00:46:57.272] INFO  d.o.c.f.definition.DefinitionDecoder - 86 DBTableDecoder definitions loaded in 9ms 
[2025-11-16 00:46:57.308] INFO  d.o.c.f.definition.DefinitionDecoder - 4235 DBRowDecoder definitions loaded in 35ms 
[2025-11-16 00:49:09.902] WARN  d.o.c.u.c.DecompressionContext - BZIP2 Compression found - replace to improve read performance. 
[2025-11-16 00:49:10.469] INFO  d.o.c.f.definition.DefinitionDecoder - 14162 NPCDecoder definitions loaded in 446ms 
[2025-11-16 00:49:11.211] INFO  d.o.c.f.definition.DefinitionDecoder - 56080 ObjectDecoder definitions loaded in 735ms 
[2025-11-16 00:49:11.523] INFO  d.o.c.f.definition.DefinitionDecoder - 30644 ItemDecoder definitions loaded in 308ms 
[2025-11-16 00:49:11.594] INFO  d.o.c.f.definition.DefinitionDecoder - 17252 VarBitDecoder definitions loaded in 69ms 
[2025-11-16 00:49:11.602] INFO  d.o.c.f.definition.DefinitionDecoder - 4660 VarDecoder definitions loaded in 6ms 
[2025-11-16 00:49:11.712] INFO  d.o.c.f.definition.DefinitionDecoder - 12025 SequenceDecoder definitions loaded in 108ms 
[2025-11-16 00:49:11.763] INFO  d.o.c.f.definition.DefinitionDecoder - 5714 EnumDecoder definitions loaded in 50ms 
[2025-11-16 00:49:11.767] INFO  d.o.c.f.definition.DefinitionDecoder - 79 HealthBarDecoder definitions loaded in 2ms 
[2025-11-16 00:49:11.772] INFO  d.o.c.f.definition.DefinitionDecoder - 78 HitSplatDecoder definitions loaded in 3ms 
[2025-11-16 00:49:11.810] INFO  d.o.c.f.definition.DefinitionDecoder - 5822 StructDecoder definitions loaded in 37ms 
[2025-11-16 00:49:11.818] INFO  d.o.c.f.definition.DefinitionDecoder - 86 DBTableDecoder definitions loaded in 6ms 
[2025-11-16 00:49:11.853] INFO  d.o.c.f.definition.DefinitionDecoder - 4235 DBRowDecoder definitions loaded in 34ms 
[2025-11-16 00:54:30.408] WARN  d.o.c.u.c.DecompressionContext - BZIP2 Compression found - replace to improve read performance. 
[2025-11-16 00:54:30.838] INFO  d.o.c.f.definition.DefinitionDecoder - 14162 NPCDecoder definitions loaded in 326ms 
[2025-11-16 00:54:31.560] INFO  d.o.c.f.definition.DefinitionDecoder - 56080 ObjectDecoder definitions loaded in 716ms 
[2025-11-16 00:54:31.834] INFO  d.o.c.f.definition.DefinitionDecoder - 30644 ItemDecoder definitions loaded in 271ms 
[2025-11-16 00:54:31.898] INFO  d.o.c.f.definition.DefinitionDecoder - 17252 VarBitDecoder definitions loaded in 61ms 
[2025-11-16 00:54:31.922] INFO  d.o.c.f.definition.DefinitionDecoder - 4660 VarDecoder definitions loaded in 7ms 
[2025-11-16 00:54:32.033] INFO  d.o.c.f.definition.DefinitionDecoder - 12025 SequenceDecoder definitions loaded in 109ms 
[2025-11-16 00:54:32.082] INFO  d.o.c.f.definition.DefinitionDecoder - 5714 EnumDecoder definitions loaded in 48ms 
[2025-11-16 00:54:32.086] INFO  d.o.c.f.definition.DefinitionDecoder - 79 HealthBarDecoder definitions loaded in 2ms 
[2025-11-16 00:54:32.089] INFO  d.o.c.f.definition.DefinitionDecoder - 78 HitSplatDecoder definitions loaded in 2ms 
[2025-11-16 00:54:32.124] INFO  d.o.c.f.definition.DefinitionDecoder - 5822 StructDecoder definitions loaded in 35ms 
[2025-11-16 00:54:32.132] INFO  d.o.c.f.definition.DefinitionDecoder - 86 DBTableDecoder definitions loaded in 6ms 
[2025-11-16 00:54:32.162] INFO  d.o.c.f.definition.DefinitionDecoder - 4235 DBRowDecoder definitions loaded in 29ms 
[2025-11-16 01:04:14.818] WARN  d.o.c.u.c.DecompressionContext - BZIP2 Compression found - replace to improve read performance. 
[2025-11-16 01:04:15.235] INFO  d.o.c.f.definition.DefinitionDecoder - 14162 NPCDecoder definitions loaded in 312ms 
[2025-11-16 01:04:15.967] INFO  d.o.c.f.definition.DefinitionDecoder - 56080 ObjectDecoder definitions loaded in 726ms 
[2025-11-16 01:04:16.282] INFO  d.o.c.f.definition.DefinitionDecoder - 30644 ItemDecoder definitions loaded in 311ms 
[2025-11-16 01:04:16.364] INFO  d.o.c.f.definition.DefinitionDecoder - 17252 VarBitDecoder definitions loaded in 78ms 
[2025-11-16 01:04:16.372] INFO  d.o.c.f.definition.DefinitionDecoder - 4660 VarDecoder definitions loaded in 6ms 
[2025-11-16 01:04:16.502] INFO  d.o.c.f.definition.DefinitionDecoder - 12025 SequenceDecoder definitions loaded in 128ms 
[2025-11-16 01:04:16.553] INFO  d.o.c.f.definition.DefinitionDecoder - 5714 EnumDecoder definitions loaded in 50ms 
[2025-11-16 01:04:16.557] INFO  d.o.c.f.definition.DefinitionDecoder - 79 HealthBarDecoder definitions loaded in 2ms 
[2025-11-16 01:04:16.560] INFO  d.o.c.f.definition.DefinitionDecoder - 78 HitSplatDecoder definitions loaded in 2ms 
[2025-11-16 01:04:16.609] INFO  d.o.c.f.definition.DefinitionDecoder - 5822 StructDecoder definitions loaded in 48ms 
[2025-11-16 01:04:16.617] INFO  d.o.c.f.definition.DefinitionDecoder - 86 DBTableDecoder definitions loaded in 6ms 
[2025-11-16 01:04:16.647] INFO  d.o.c.f.definition.DefinitionDecoder - 4235 DBRowDecoder definitions loaded in 29ms 
